Component: ARM Compiler 5.06 update 7 (build 960) Tool: armlink [4d3601]

==============================================================================

Section Cross References

    startup_stm32f103xb.o(RESET) refers to startup_stm32f103xb.o(STACK) for __initial_sp
    startup_stm32f103xb.o(RESET) refers to startup_stm32f103xb.o(.text) for Reset_Handler
    startup_stm32f103xb.o(RESET) refers to stm32f1xx_it.o(i.NMI_Handler) for NMI_Handler
    startup_stm32f103xb.o(RESET) refers to stm32f1xx_it.o(i.HardFault_Handler) for HardFault_Handler
    startup_stm32f103xb.o(RESET) refers to stm32f1xx_it.o(i.MemManage_Handler) for MemManage_Handler
    startup_stm32f103xb.o(RESET) refers to stm32f1xx_it.o(i.BusFault_Handler) for BusFault_Handler
    startup_stm32f103xb.o(RESET) refers to stm32f1xx_it.o(i.UsageFault_Handler) for UsageFault_Handler
    startup_stm32f103xb.o(RESET) refers to stm32f1xx_it.o(i.SVC_Handler) for SVC_Handler
    startup_stm32f103xb.o(RESET) refers to stm32f1xx_it.o(i.DebugMon_Handler) for DebugMon_Handler
    startup_stm32f103xb.o(RESET) refers to stm32f1xx_it.o(i.PendSV_Handler) for PendSV_Handler
    startup_stm32f103xb.o(RESET) refers to stm32f1xx_it.o(i.SysTick_Handler) for SysTick_Handler
    startup_stm32f103xb.o(RESET) refers to stm32f1xx_it.o(i.EXTI0_IRQHandler) for EXTI0_IRQHandler
    startup_stm32f103xb.o(RESET) refers to stm32f1xx_it.o(i.EXTI1_IRQHandler) for EXTI1_IRQHandler
    startup_stm32f103xb.o(RESET) refers to stm32f1xx_it.o(i.EXTI3_IRQHandler) for EXTI3_IRQHandler
    startup_stm32f103xb.o(RESET) refers to stm32f1xx_it.o(i.EXTI4_IRQHandler) for EXTI4_IRQHandler
    startup_stm32f103xb.o(RESET) refers to stm32f1xx_it.o(i.USB_LP_CAN1_RX0_IRQHandler) for USB_LP_CAN1_RX0_IRQHandler
    startup_stm32f103xb.o(RESET) refers to stm32f1xx_it.o(i.EXTI9_5_IRQHandler) for EXTI9_5_IRQHandler
    startup_stm32f103xb.o(RESET) refers to stm32f1xx_it.o(i.TIM2_IRQHandler) for TIM2_IRQHandler
    startup_stm32f103xb.o(RESET) refers to stm32f1xx_it.o(i.EXTI15_10_IRQHandler) for EXTI15_10_IRQHandler
    startup_stm32f103xb.o(.text) refers to system_stm32f1xx.o(i.SystemInit) for SystemInit
    startup_stm32f103xb.o(.text) refers to entry.o(.ARM.Collect$$$$00000000) for __main
    main.o(i.HAL_GPIO_EXTI_Callback) refers to stm32f1xx_hal_gpio.o(i.HAL_GPIO_ReadPin) for HAL_GPIO_ReadPin
    main.o(i.HAL_GPIO_EXTI_Callback) refers to main.o(.data) for .data
    main.o(i.HAL_TIM_PeriodElapsedCallback) refers to main.o(i.Key_Scan) for Key_Scan
    main.o(i.HAL_TIM_PeriodElapsedCallback) refers to tim.o(.bss) for htim2
    main.o(i.HAL_TIM_PeriodElapsedCallback) refers to main.o(.bss) for .bss
    main.o(i.Key_Config) refers to main.o(.bss) for .bss
    main.o(i.Key_Debug) refers to printf1.o(i.__0printf$1) for __2printf
    main.o(i.Key_Debug) refers to main.o(.bss) for .bss
    main.o(i.Key_Scan) refers to stm32f1xx_hal_gpio.o(i.HAL_GPIO_ReadPin) for HAL_GPIO_ReadPin
    main.o(i.Key_Scan) refers to main.o(i.Key_ParaInit) for Key_ParaInit
    main.o(i.SystemClock_Config) refers to memseta.o(.text) for __aeabi_memclr4
    main.o(i.SystemClock_Config) refers to stm32f1xx_hal_rcc.o(i.HAL_RCC_OscConfig) for HAL_RCC_OscConfig
    main.o(i.SystemClock_Config) refers to stm32f1xx_hal_rcc.o(i.HAL_RCC_ClockConfig) for HAL_RCC_ClockConfig
    main.o(i.SystemClock_Config) refers to stm32f1xx_hal_rcc_ex.o(i.HAL_RCCEx_PeriphCLKConfig) for HAL_RCCEx_PeriphCLKConfig
    main.o(i.main) refers to stm32f1xx_hal.o(i.HAL_Init) for HAL_Init
    main.o(i.main) refers to main.o(i.SystemClock_Config) for SystemClock_Config
    main.o(i.main) refers to gpio.o(i.MX_GPIO_Init) for MX_GPIO_Init
    main.o(i.main) refers to usart.o(i.MX_USART1_UART_Init) for MX_USART1_UART_Init
    main.o(i.main) refers to usb_device.o(i.MX_USB_DEVICE_Init) for MX_USB_DEVICE_Init
    main.o(i.main) refers to tim.o(i.MX_TIM2_Init) for MX_TIM2_Init
    main.o(i.main) refers to printf1.o(i.__0printf$1) for __2printf
    main.o(i.main) refers to stm32f1xx_hal_rcc.o(i.HAL_RCC_GetHCLKFreq) for HAL_RCC_GetHCLKFreq
    main.o(i.main) refers to stm32f1xx_hal_rcc.o(i.HAL_RCC_GetPCLK1Freq) for HAL_RCC_GetPCLK1Freq
    main.o(i.main) refers to stm32f1xx_hal_rcc.o(i.HAL_RCC_GetPCLK2Freq) for HAL_RCC_GetPCLK2Freq
    main.o(i.main) refers to stm32f1xx_hal_rcc.o(i.HAL_RCC_GetSysClockFreq) for HAL_RCC_GetSysClockFreq
    main.o(i.main) refers to main.o(i.Key_Config) for Key_Config
    main.o(i.main) refers to stm32f1xx_hal_tim.o(i.HAL_TIM_Base_Start_IT) for HAL_TIM_Base_Start_IT
    main.o(i.main) refers to main.o(i.Key_Debug) for Key_Debug
    main.o(i.main) refers to tim.o(.bss) for htim2
    gpio.o(i.MX_GPIO_Init) refers to stm32f1xx_hal_gpio.o(i.HAL_GPIO_Init) for HAL_GPIO_Init
    gpio.o(i.MX_GPIO_Init) refers to stm32f1xx_hal_cortex.o(i.HAL_NVIC_SetPriority) for HAL_NVIC_SetPriority
    gpio.o(i.MX_GPIO_Init) refers to stm32f1xx_hal_cortex.o(i.HAL_NVIC_EnableIRQ) for HAL_NVIC_EnableIRQ
[...]
    ../clib/microlib/init/entry.s            0x00000000   Number         0  entry12b.o ABSOLUTE
    ../clib/microlib/init/entry.s            0x00000000   Number         0  entry12a.o ABSOLUTE
    ../clib/microlib/init/entry.s            0x00000000   Number         0  entry.o ABSOLUTE
    ../clib/microlib/init/entry.s            0x00000000   Number         0  entry11b.o ABSOLUTE
    ../clib/microlib/init/entry.s            0x00000000   Number         0  entry11a.o ABSOLUTE
    ../clib/microlib/init/entry.s            0x00000000   Number         0  entry10b.o ABSOLUTE
    ../clib/microlib/init/entry.s            0x00000000   Number         0  entry10a.o ABSOLUTE
    ../clib/microlib/init/entry.s            0x00000000   Number         0  entry9b.o ABSOLUTE
    ../clib/microlib/init/entry.s            0x00000000   Number         0  entry9a.o ABSOLUTE
    ../clib/microlib/init/entry.s            0x00000000   Number         0  entry8b.o ABSOLUTE
    ../clib/microlib/init/entry.s            0x00000000   Number         0  entry8a.o ABSOLUTE
    ../clib/microlib/init/entry.s            0x00000000   Number         0  entry7b.o ABSOLUTE
    ../clib/microlib/longlong.c              0x00000000   Number         0  llsshr.o ABSOLUTE
    ../clib/microlib/longlong.c              0x00000000   Number         0  llshl.o ABSOLUTE
    ../clib/microlib/longlong.c              0x00000000   Number         0  llushr.o ABSOLUTE
    ../clib/microlib/printf/printf.c         0x00000000   Number         0  printf8.o ABSOLUTE
    ../clib/microlib/printf/printf.c         0x00000000   Number         0  printf7.o ABSOLUTE
    ../clib/microlib/printf/printf.c         0x00000000   Number         0  printf6.o ABSOLUTE
    ../clib/microlib/printf/printf.c         0x00000000   Number         0  printfb.o ABSOLUTE
    ../clib/microlib/printf/printf.c         0x00000000   Number         0  printf0.o ABSOLUTE
    ../clib/microlib/printf/printf.c         0x00000000   Number         0  printf1.o ABSOLUTE
    ../clib/microlib/printf/printf.c         0x00000000   Number         0  printf2.o ABSOLUTE
    ../clib/microlib/printf/printf.c         0x00000000   Number         0  printf3.o ABSOLUTE
    ../clib/microlib/printf/printf.c         0x00000000   Number         0  printfa.o ABSOLUTE
    ../clib/microlib/printf/printf.c         0x00000000   Number         0  printf4.o ABSOLUTE
    ../clib/microlib/printf/printf.c         0x00000000   Number         0  printf5.o ABSOLUTE
    ../clib/microlib/printf/stubs.s          0x00000000   Number         0  stubs.o ABSOLUTE
    ../clib/microlib/stdio/streams.c         0x00000000   Number         0  stdout.o ABSOLUTE
    ../clib/microlib/string/memset.c         0x00000000   Number         0  memseta.o ABSOLUTE
    ../clib/microlib/stubs.s                 0x00000000   Number         0  iusefp.o ABSOLUTE
    ../fplib/microlib/fpadd.c                0x00000000   Number         0  dadd.o ABSOLUTE
    ../fplib/microlib/fpdiv.c                0x00000000   Number         0  ddiv.o ABSOLUTE
    ../fplib/microlib/fpepilogue.c           0x00000000   Number         0  depilogue.o ABSOLUTE
    ../fplib/microlib/fpfix.c                0x00000000   Number         0  dfixul.o ABSOLUTE
    ../fplib/microlib/fpmul.c                0x00000000   Number         0  dmul.o ABSOLUTE
    ..\Drivers\STM32F1xx_HAL_Driver\Src\stm32f1xx_hal.c 0x00000000   Number         0  stm32f1xx_hal.o ABSOLUTE
    ..\Drivers\STM32F1xx_HAL_Driver\Src\stm32f1xx_hal_cortex.c 0x00000000   Number         0  stm32f1xx_hal_cortex.o ABSOLUTE
    ..\Drivers\STM32F1xx_HAL_Driver\Src\stm32f1xx_hal_dma.c 0x00000000   Number         0  stm32f1xx_hal_dma.o ABSOLUTE
    ..\Drivers\STM32F1xx_HAL_Driver\Src\stm32f1xx_hal_exti.c 0x00000000   Number         0  stm32f1xx_hal_exti.o ABSOLUTE
    ..\Drivers\STM32F1xx_HAL_Driver\Src\stm32f1xx_hal_flash.c 0x00000000   Number         0  stm32f1xx_hal_flash.o ABSOLUTE
    ..\Drivers\STM32F1xx_HAL_Driver\Src\stm32f1xx_hal_flash_ex.c 0x00000000   Number         0  stm32f1xx_hal_flash_ex.o ABSOLUTE
    ..\Drivers\STM32F1xx_HAL_Driver\Src\stm32f1xx_hal_gpio.c 0x00000000   Number         0  stm32f1xx_hal_gpio.o ABSOLUTE
    ..\Drivers\STM32F1xx_HAL_Driver\Src\stm32f1xx_hal_gpio_ex.c 0x00000000   Number         0  stm32f1xx_hal_gpio_ex.o ABSOLUTE
    ..\Drivers\STM32F1xx_HAL_Driver\Src\stm32f1xx_hal_pcd.c 0x00000000   Number         0  stm32f1xx_hal_pcd.o ABSOLUTE
    ..\Drivers\STM32F1xx_HAL_Driver\Src\stm32f1xx_hal_pcd_ex.c 0x00000000   Number         0  stm32f1xx_hal_pcd_ex.o ABSOLUTE
    ..\Drivers\STM32F1xx_HAL_Driver\Src\stm32f1xx_hal_pwr.c 0x00000000   Number         0  stm32f1xx_hal_pwr.o ABSOLUTE
    ..\Drivers\STM32F1xx_HAL_Driver\Src\stm32f1xx_hal_rcc.c 0x00000000   Number         0  stm32f1xx_hal_rcc.o ABSOLUTE
    ..\Drivers\STM32F1xx_HAL_Driver\Src\stm32f1xx_hal_rcc_ex.c 0x00000000   Number         0  stm32f1xx_hal_rcc_ex.o ABSOLUTE
    ..\Drivers\STM32F1xx_HAL_Driver\Src\stm32f1xx_hal_tim.c 0x00000000   Number         0  stm32f1xx_hal_tim.o ABSOLUTE
    ..\Drivers\STM32F1xx_HAL_Driver\Src\stm32f1xx_hal_tim_ex.c 0x00000000   Number         0  stm32f1xx_hal_tim_ex.o ABSOLUTE
    ..\Drivers\STM32F1xx_HAL_Driver\Src\stm32f1xx_hal_uart.c 0x00000000   Number         0  stm32f1xx_hal_uart.o ABSOLUTE
    ..\Drivers\STM32F1xx_HAL_Driver\Src\stm32f1xx_ll_usb.c 0x00000000   Number         0  stm32f1xx_ll_usb.o ABSOLUTE
    ..\Middlewares\ST\STM32_USB_Device_Library\Class\HID\Src\usbd_hid.c 0x00000000   Number         0  usbd_hid.o ABSOLUTE
    ..\Middlewares\ST\STM32_USB_Device_Library\Core\Src\usbd_core.c 0x00000000   Number         0  usbd_core.o ABSOLUTE
    ..\Middlewares\ST\STM32_USB_Device_Library\Core\Src\usbd_ctlreq.c 0x00000000   Number         0  usbd_ctlreq.o ABSOLUTE
    ..\Middlewares\ST\STM32_USB_Device_Library\Core\Src\usbd_ioreq.c 0x00000000   Number         0  usbd_ioreq.o ABSOLUTE
    ..\Src\gpio.c                            0x00000000   Number         0  gpio.o ABSOLUTE
    ..\Src\main.c                            0x00000000   Number         0  main.o ABSOLUTE
    ..\Src\stm32f1xx_hal_msp.c               0x00000000   Number         0  stm32f1xx_hal_msp.o ABSOLUTE
    ..\Src\stm32f1xx_it.c                    0x00000000   Number         0  stm32f1xx_it.o ABSOLUTE
    ..\Src\system_stm32f1xx.c                0x00000000   Number         0  system_stm32f1xx.o ABSOLUTE
    ..\Src\tim.c                             0x00000000   Number         0  tim.o ABSOLUTE
    ..\Src\usart.c                           0x00000000   Number         0  usart.o ABSOLUTE
    ..\Src\usb_device.c                      0x00000000   Number         0  usb_device.o ABSOLUTE
    ..\Src\usbd_conf.c                       0x00000000   Number         0  usbd_conf.o ABSOLUTE
    ..\Src\usbd_desc.c                       0x00000000   Number         0  usbd_desc.o ABSOLUTE
    cdrcmple.s                               0x00000000   Number         0  cdrcmple.o ABSOLUTE
    dc.s                                     0x00000000   Number         0  dc.o ABSOLUTE
    handlers.s                               0x00000000   Number         0  handlers.o ABSOLUTE
    init.s                                   0x00000000   Number         0  init.o ABSOLUTE
    startup_stm32f103xb.s                    0x00000000   Number         0  startup_stm32f103xb.o ABSOLUTE
    RESET                                    0x08000000   Section      236  startup_stm32f103xb.o(RESET)
    .ARM.Collect$$$$00000000                 0x080000ec   Section        0  entry.o(.ARM.Collect$$$$00000000)
    .ARM.Collect$$$$00000001                 0x080000ec   Section        4  entry2.o(.ARM.Collect$$$$00000001)
    .ARM.Collect$$$$00000004                 0x080000f0   Section        4  entry5.o(.ARM.Collect$$$$00000004)
    .ARM.Collect$$$$00000008                 0x080000f4   Section        0  entry7b.o(.ARM.Collect$$$$00000008)
    .ARM.Collect$$$$0000000A                 0x080000f4   Section        0  entry8b.o(.ARM.Collect$$$$0000000A)
    .ARM.Collect$$$$0000000B                 0x080000f4   Section        8  entry9a.o(.ARM.Collect$$$$0000000B)
    .ARM.Collect$$$$0000000E                 0x080000fc   Section        4  entry12b.o(.ARM.Collect$$$$0000000E)
    .ARM.Collect$$$$0000000F                 0x08000100   Section        0  entry10a.o(.ARM.Collect$$$$0000000F)
    .ARM.Collect$$$$00000011                 0x08000100   Section        0  entry11a.o(.ARM.Collect$$$$00000011)
    .ARM.Collect$$$$00002712                 0x08000100   Section        4  entry2.o(.ARM.Collect$$$$00002712)
    __lit__00000000                          0x08000100   Data           4  entry2.o(.ARM.Collect$$$$00002712)
    .text                                    0x08000104   Section       36  startup_stm32f103xb.o(.text)
    .text                                    0x08000128   Section        0  memseta.o(.text)
    .text                                    0x0800014c   Section        0  uidiv.o(.text)
    .text                                    0x08000178   Section       36  init.o(.text)
    .text                                    0x0800019c   Section        0  __dczerorl2.o(.text)
    i.BusFault_Handler                       0x080001f2   Section        0  stm32f1xx_it.o(i.BusFault_Handler)
    i.DebugMon_Handler                       0x080001f4   Section        0  stm32f1xx_it.o(i.DebugMon_Handler)
    i.EXTI0_IRQHandler                       0x080001f6   Section        0  stm32f1xx_it.o(i.EXTI0_IRQHandler)
    i.EXTI15_10_IRQHandler                   0x080001fc   Section        0  stm32f1xx_it.o(i.EXTI15_10_IRQHandler)
    i.EXTI1_IRQHandler                       0x0800022a   Section        0  stm32f1xx_it.o(i.EXTI1_IRQHandler)
    i.EXTI3_IRQHandler                       0x08000230   Section        0  stm32f1xx_it.o(i.EXTI3_IRQHandler)
    i.EXTI4_IRQHandler                       0x08000236   Section        0  stm32f1xx_it.o(i.EXTI4_IRQHandler)
    i.EXTI9_5_IRQHandler                     0x0800023c   Section        0  stm32f1xx_it.o(i.EXTI9_5_IRQHandler)
    i.Error_Handler                          0x0800025c   Section        0  main.o(i.Error_Handler)
    i.HAL_GPIO_EXTI_Callback                 0x08000260   Section        0  main.o(i.HAL_GPIO_EXTI_Callback)
    i.HAL_GPIO_EXTI_IRQHandler               0x08000490   Section        0  stm32f1xx_hal_gpio.o(i.HAL_GPIO_EXTI_IRQHandler)
    i.HAL_GPIO_Init                          0x080004a8   Section        0  stm32f1xx_hal_gpio.o(i.HAL_GPIO_Init)
    i.HAL_GPIO_ReadPin                       0x08000688   Section        0  stm32f1xx_hal_gpio.o(i.HAL_GPIO_ReadPin)
    i.HAL_GetTick                            0x08000694   Section        0  stm32f1xx_hal.o(i.HAL_GetTick)
    i.HAL_IncTick                            0x080006a0   Section        0  stm32f1xx_hal.o(i.HAL_IncTick)
    i.HAL_Init                               0x080006b0   Section        0  stm32f1xx_hal.o(i.HAL_Init)
    i.HAL_InitTick                           0x080006d4   Section        0  stm32f1xx_hal.o(i.HAL_InitTick)
    i.HAL_MspInit                            0x08000714   Section        0  stm32f1xx_hal_msp.o(i.HAL_MspInit)
    i.HAL_NVIC_EnableIRQ                     0x08000750   Section        0  stm32f1xx_hal_cortex.o(i.HAL_NVIC_EnableIRQ)
    i.HAL_NVIC_SetPriority                   0x0800076c   Section        0  stm32f1xx_hal_cortex.o(i.HAL_NVIC_SetPriority)
    i.HAL_NVIC_SetPriorityGrouping           0x080007ac   Section        0  stm32f1xx_hal_cortex.o(i.HAL_NVIC_SetPriorityGrouping)
    i.HAL_PCDEx_PMAConfig                    0x080007d0   Section        0  stm32f1xx_hal_pcd_ex.o(i.HAL_PCDEx_PMAConfig)
    i.HAL_PCDEx_SetConnectionState           0x0800080c   Section        0  usbd_conf.o(i.HAL_PCDEx_SetConnectionState)
    i.HAL_PCD_DataInStageCallback            0x0800080e   Section        0  usbd_conf.o(i.HAL_PCD_DataInStageCallback)
    i.HAL_PCD_DataOutStageCallback           0x08000820   Section        0  usbd_conf.o(i.HAL_PCD_DataOutStageCallback)
    i.HAL_PCD_EP_Close                       0x08000834   Section        0  stm32f1xx_hal_pcd.o(i.HAL_PCD_EP_Close)
    i.HAL_PCD_EP_ClrStall                    0x0800087e   Section        0  stm32f1xx_hal_pcd.o(i.HAL_PCD_EP_ClrStall)
    i.HAL_PCD_EP_DB_Receive                  0x080008d8   Section        0  stm32f1xx_hal_pcd.o(i.HAL_PCD_EP_DB_Receive)
    HAL_PCD_EP_DB_Receive                    0x080008d9   Thumb Code   230  stm32f1xx_hal_pcd.o(i.HAL_PCD_EP_DB_Receive)
    i.HAL_PCD_EP_DB_Transmit                 0x080009be   Section        0  stm32f1xx_hal_pcd.o(i.HAL_PCD_EP_DB_Transmit)
    HAL_PCD_EP_DB_Transmit                   0x080009bf   Thumb Code   824  stm32f1xx_hal_pcd.o(i.HAL_PCD_EP_DB_Transmit)
    i.HAL_PCD_EP_Open                        0x08000cf6   Section        0  stm32f1xx_hal_pcd.o(i.HAL_PCD_EP_Open)
    i.HAL_PCD_EP_Receive                     0x08000d4e   Section        0  stm32f1xx_hal_pcd.o(i.HAL_PCD_EP_Receive)
    i.HAL_PCD_EP_SetStall                    0x08000d7c   Section        0  stm32f1xx_hal_pcd.o(i.HAL_PCD_EP_SetStall)
    i.HAL_PCD_EP_Transmit                    0x08000dec   Section        0  stm32f1xx_hal_pcd.o(i.HAL_PCD_EP_Transmit)
    i.HAL_PCD_IRQHandler                     0x08000e1c   Section        0  stm32f1xx_hal_pcd.o(i.HAL_PCD_IRQHandler)
    i.HAL_PCD_Init                           0x08000f50   Section        0  stm32f1xx_hal_pcd.o(i.HAL_PCD_Init)
    i.HAL_PCD_MspInit                        0x0800100c   Section        0  usbd_conf.o(i.HAL_PCD_MspInit)
    i.HAL_PCD_ResetCallback                  0x08001048   Section        0  usbd_conf.o(i.HAL_PCD_ResetCallback)
    i.HAL_PCD_ResumeCallback                 0x0800106e   Section        0  usbd_conf.o(i.HAL_PCD_ResumeCallback)
    i.HAL_PCD_SOFCallback                    0x08001076   Section        0  usbd_conf.o(i.HAL_PCD_SOFCallback)
    i.HAL_PCD_SetAddress                     0x0800107e   Section        0  stm32f1xx_hal_pcd.o(i.HAL_PCD_SetAddress)
    i.HAL_PCD_SetupStageCallback             0x080010a4   Section        0  usbd_conf.o(i.HAL_PCD_SetupStageCallback)
    i.HAL_PCD_Start                          0x080010b2   Section        0  stm32f1xx_hal_pcd.o(i.HAL_PCD_Start)
    i.HAL_PCD_SuspendCallback                0x080010e4   Section        0  usbd_conf.o(i.HAL_PCD_SuspendCallback)
    i.HAL_RCCEx_PeriphCLKConfig              0x08001108   Section        0  stm32f1xx_hal_rcc_ex.o(i.HAL_RCCEx_PeriphCLKConfig)
    i.HAL_RCC_ClockConfig                    0x080011f4   Section        0  stm32f1xx_hal_rcc.o(i.HAL_RCC_ClockConfig)
    i.HAL_RCC_GetHCLKFreq                    0x08001320   Section        0  stm32f1xx_hal_rcc.o(i.HAL_RCC_GetHCLKFreq)
    i.HAL_RCC_GetPCLK1Freq                   0x0800132c   Section        0  stm32f1xx_hal_rcc.o(i.HAL_RCC_GetPCLK1Freq)
    i.HAL_RCC_GetPCLK2Freq                   0x0800134c   Section        0  stm32f1xx_hal_rcc.o(i.HAL_RCC_GetPCLK2Freq)
    i.HAL_RCC_GetSysClockFreq                0x0800136c   Section        0  stm32f1xx_hal_rcc.o(i.HAL_RCC_GetSysClockFreq)
    i.HAL_RCC_OscConfig                      0x080013b8   Section        0  stm32f1xx_hal_rcc.o(i.HAL_RCC_OscConfig)
    i.HAL_SYSTICK_Config                     0x080016d8   Section        0  stm32f1xx_hal_cortex.o(i.HAL_SYSTICK_Config)
    i.HAL_TIMEx_BreakCallback                0x08001700   Section        0  stm32f1xx_hal_tim_ex.o(i.HAL_TIMEx_BreakCallback)
    i.HAL_TIMEx_CommutCallback               0x08001702   Section        0  stm32f1xx_hal_tim_ex.o(i.HAL_TIMEx_CommutCallback)
    i.HAL_TIMEx_MasterConfigSynchronization  0x08001704   Section        0  stm32f1xx_hal_tim_ex.o(i.HAL_TIMEx_MasterConfigSynchronization)
    i.HAL_TIM_Base_Init                      0x0800176c   Section        0  stm32f1xx_hal_tim.o(i.HAL_TIM_Base_Init)
    i.HAL_TIM_Base_MspInit                   0x080017c8   Section        0  tim.o(i.HAL_TIM_Base_MspInit)
    i.HAL_TIM_Base_Start_IT                  0x08001800   Section        0  stm32f1xx_hal_tim.o(i.HAL_TIM_Base_Start_IT)
    i.HAL_TIM_ConfigClockSource              0x08001858   Section        0  stm32f1xx_hal_tim.o(i.HAL_TIM_ConfigClockSource)
    i.HAL_TIM_IC_CaptureCallback             0x08001934   Section        0  stm32f1xx_hal_tim.o(i.HAL_TIM_IC_CaptureCallback)
    i.HAL_TIM_IRQHandler                     0x08001936   Section        0  stm32f1xx_hal_tim.o(i.HAL_TIM_IRQHandler)
    i.HAL_TIM_OC_DelayElapsedCallback        0x08001a66   Section        0  stm32f1xx_hal_tim.o(i.HAL_TIM_OC_DelayElapsedCallback)
    i.HAL_TIM_PWM_PulseFinishedCallback      0x08001a68   Section        0  stm32f1xx_hal_tim.o(i.HAL_TIM_PWM_PulseFinishedCallback)
    i.HAL_TIM_PeriodElapsedCallback          0x08001a6c   Section        0  main.o(i.HAL_TIM_PeriodElapsedCallback)
    i.HAL_TIM_TriggerCallback                0x08001aa0   Section        0  stm32f1xx_hal_tim.o(i.HAL_TIM_TriggerCallback)
    i.HAL_UART_Init                          0x08001aa2   Section        0  stm32f1xx_hal_uart.o(i.HAL_UART_Init)
    i.HAL_UART_MspInit                       0x08001b08   Section        0  usart.o(i.HAL_UART_MspInit)
    i.HAL_UART_Transmit                      0x08001b78   Section        0  stm32f1xx_hal_uart.o(i.HAL_UART_Transmit)
    i.HardFault_Handler                      0x08001c18   Section        0  stm32f1xx_it.o(i.HardFault_Handler)
    i.IntToUnicode                           0x08001c1c   Section        0  usbd_desc.o(i.IntToUnicode)
    IntToUnicode                             0x08001c1d   Thumb Code    56  usbd_desc.o(i.IntToUnicode)
    i.Key_Config                             0x08001c54   Section        0  main.o(i.Key_Config)
    i.Key_Debug                              0x08001c7c   Section        0  main.o(i.Key_Debug)
    i.Key_ParaInit                           0x08001d30   Section        0  main.o(i.Key_ParaInit)
    i.Key_Scan                               0x08001d3c   Section        0  main.o(i.Key_Scan)
    i.MX_GPIO_Init                           0x08001e18   Section        0  gpio.o(i.MX_GPIO_Init)
    i.MX_TIM2_Init                           0x08001ee8   Section        0  tim.o(i.MX_TIM2_Init)
    i.MX_USART1_UART_Init                    0x08001f4c   Section        0  usart.o(i.MX_USART1_UART_Init)
    i.MX_USB_DEVICE_Init                     0x08001f84   Section        0  usb_device.o(i.MX_USB_DEVICE_Init)
    i.MemManage_Handler                      0x08001fc4   Section        0  stm32f1xx_it.o(i.MemManage_Handler)
    i.NMI_Handler                            0x08001fc6   Section        0  stm32f1xx_it.o(i.NMI_Handler)
    i.PCD_EP_ISR_Handler                     0x08001fc8   Section        0  stm32f1xx_hal_pcd.o(i.PCD_EP_ISR_Handler)
    PCD_EP_ISR_Handler                       0x08001fc9   Thumb Code   934  stm32f1xx_hal_pcd.o(i.PCD_EP_ISR_Handler)
    i.PendSV_Handler                         0x0800236e   Section        0  stm32f1xx_it.o(i.PendSV_Handler)
    i.SVC_Handler                            0x08002370   Section        0  stm32f1xx_it.o(i.SVC_Handler)
    i.SysTick_Handler                        0x08002372   Section        0  stm32f1xx_it.o(i.SysTick_Handler)
    i.SystemClock_Config                     0x08002376   Section        0  main.o(i.SystemClock_Config)
    i.SystemInit                             0x080023ec   Section        0  system_stm32f1xx.o(i.SystemInit)
    i.TIM2_IRQHandler                        0x080023f0   Section        0  stm32f1xx_it.o(i.TIM2_IRQHandler)
    i.TIM_Base_SetConfig                     0x080023fc   Section        0  stm32f1xx_hal_tim.o(i.TIM_Base_SetConfig)
    i.TIM_ETR_SetConfig                      0x08002474   Section        0  stm32f1xx_hal_tim.o(i.TIM_ETR_SetConfig)
    i.TIM_ITRx_SetConfig                     0x08002488   Section        0  stm32f1xx_hal_tim.o(i.TIM_ITRx_SetConfig)
    TIM_ITRx_SetConfig                       0x08002489   Thumb Code    16  stm32f1xx_hal_tim.o(i.TIM_ITRx_SetConfig)
    i.TIM_TI1_ConfigInputStage               0x08002498   Section        0  stm32f1xx_hal_tim.o(i.TIM_TI1_ConfigInputStage)
    TIM_TI1_ConfigInputStage                 0x08002499   Thumb Code    34  stm32f1xx_hal_tim.o(i.TIM_TI1_ConfigInputStage)
    i.TIM_TI2_ConfigInputStage               0x080024ba   Section        0  stm32f1xx_hal_tim.o(i.TIM_TI2_ConfigInputStage)
    TIM_TI2_ConfigInputStage                 0x080024bb   Thumb Code    36  stm32f1xx_hal_tim.o(i.TIM_TI2_ConfigInputStage)
    i.UART_EndRxTransfer                     0x080024de   Section        0  stm32f1xx_hal_uart.o(i.UART_EndRxTransfer)
    UART_EndRxTransfer                       0x080024df   Thumb Code    78  stm32f1xx_hal_uart.o(i.UART_EndRxTransfer)
    i.UART_SetConfig                         0x0800252c   Section        0  stm32f1xx_hal_uart.o(i.UART_SetConfig)
    UART_SetConfig                           0x0800252d   Thumb Code   178  stm32f1xx_hal_uart.o(i.UART_SetConfig)
    i.UART_WaitOnFlagUntilTimeout            0x080025e4   Section        0  stm32f1xx_hal_uart.o(i.UART_WaitOnFlagUntilTimeout)
    UART_WaitOnFlagUntilTimeout              0x080025e5   Thumb Code   114  stm32f1xx_hal_uart.o(i.UART_WaitOnFlagUntilTimeout)
    i.USBD_ClrClassConfig                    0x08002656   Section        0  usbd_core.o(i.USBD_ClrClassConfig)
    i.USBD_CtlContinueRx                     0x08002664   Section        0  usbd_ioreq.o(i.USBD_CtlContinueRx)
    i.USBD_CtlContinueSendData               0x08002674   Section        0  usbd_ioreq.o(i.USBD_CtlContinueSendData)
    i.USBD_CtlError                          0x08002684   Section        0  usbd_ctlreq.o(i.USBD_CtlError)
    i.USBD_CtlReceiveStatus                  0x0800269a   Section        0  usbd_ioreq.o(i.USBD_CtlReceiveStatus)
    i.USBD_CtlSendData                       0x080026b0   Section        0  usbd_ioreq.o(i.USBD_CtlSendData)
    i.USBD_CtlSendStatus                     0x080026ca   Section        0  usbd_ioreq.o(i.USBD_CtlSendStatus)
    i.USBD_FS_ConfigStrDescriptor            0x080026e0   Section        0  usbd_desc.o(i.USBD_FS_ConfigStrDescriptor)
    i.USBD_FS_DeviceDescriptor               0x08002700   Section        0  usbd_desc.o(i.USBD_FS_DeviceDescriptor)
    i.USBD_FS_InterfaceStrDescriptor         0x0800270c   Section        0  usbd_desc.o(i.USBD_FS_InterfaceStrDescriptor)
    i.USBD_FS_LangIDStrDescriptor            0x08002730   Section        0  usbd_desc.o(i.USBD_FS_LangIDStrDescriptor)
    i.USBD_FS_ManufacturerStrDescriptor      0x0800273c   Section        0  usbd_desc.o(i.USBD_FS_ManufacturerStrDescriptor)
    i.USBD_FS_ProductStrDescriptor           0x08002764   Section        0  usbd_desc.o(i.USBD_FS_ProductStrDescriptor)
    i.USBD_FS_SerialStrDescriptor            0x08002790   Section        0  usbd_desc.o(i.USBD_FS_SerialStrDescriptor)
    i.USBD_GetDescriptor                     0x080027c8   Section        0  usbd_ctlreq.o(i.USBD_GetDescriptor)
    USBD_GetDescriptor                       0x080027c9   Thumb Code   232  usbd_ctlreq.o(i.USBD_GetDescriptor)
    i.USBD_GetString                         0x080028b0   Section        0  usbd_ctlreq.o(i.USBD_GetString)
    i.USBD_Get_USB_Status                    0x080028f8   Section        0  usbd_conf.o(i.USBD_Get_USB_Status)
    USBD_Get_USB_Status                      0x080028f9   Thumb Code    24  usbd_conf.o(i.USBD_Get_USB_Status)
    i.USBD_HID_DataIn                        0x08002910   Section        0  usbd_hid.o(i.USBD_HID_DataIn)
    USBD_HID_DataIn                          0x08002911   Thumb Code    12  usbd_hid.o(i.USBD_HID_DataIn)
    i.USBD_HID_DeInit                        0x0800291c   Section        0  usbd_hid.o(i.USBD_HID_DeInit)
    USBD_HID_DeInit                          0x0800291d   Thumb Code    32  usbd_hid.o(i.USBD_HID_DeInit)
    i.USBD_HID_GetDeviceQualifierDesc        0x0800293c   Section        0  usbd_hid.o(i.USBD_HID_GetDeviceQualifierDesc)
    USBD_HID_GetDeviceQualifierDesc          0x0800293d   Thumb Code     8  usbd_hid.o(i.USBD_HID_GetDeviceQualifierDesc)
    i.USBD_HID_GetFSCfgDesc                  0x08002948   Section        0  usbd_hid.o(i.USBD_HID_GetFSCfgDesc)
    USBD_HID_GetFSCfgDesc                    0x08002949   Thumb Code     8  usbd_hid.o(i.USBD_HID_GetFSCfgDesc)
    i.USBD_HID_GetHSCfgDesc                  0x08002954   Section        0  usbd_hid.o(i.USBD_HID_GetHSCfgDesc)
    USBD_HID_GetHSCfgDesc                    0x08002955   Thumb Code     8  usbd_hid.o(i.USBD_HID_GetHSCfgDesc)
    i.USBD_HID_GetOtherSpeedCfgDesc          0x08002960   Section        0  usbd_hid.o(i.USBD_HID_GetOtherSpeedCfgDesc)
    USBD_HID_GetOtherSpeedCfgDesc            0x08002961   Thumb Code     8  usbd_hid.o(i.USBD_HID_GetOtherSpeedCfgDesc)
    i.USBD_HID_Init                          0x0800296c   Section        0  usbd_hid.o(i.USBD_HID_Init)
    USBD_HID_Init                            0x0800296d   Thumb Code    42  usbd_hid.o(i.USBD_HID_Init)
    i.USBD_HID_Setup                         0x08002998   Section        0  usbd_hid.o(i.USBD_HID_Setup)
    USBD_HID_Setup                           0x08002999   Thumb Code   196  usbd_hid.o(i.USBD_HID_Setup)
    i.USBD_Init                              0x08002a60   Section        0  usbd_core.o(i.USBD_Init)
    i.USBD_LL_ClearStallEP                   0x08002a8a   Section        0  usbd_conf.o(i.USBD_LL_ClearStallEP)
    i.USBD_LL_CloseEP                        0x08002a9c   Section        0  usbd_conf.o(i.USBD_LL_CloseEP)
    i.USBD_LL_DataInStage                    0x08002aae   Section        0  usbd_core.o(i.USBD_LL_DataInStage)
    i.USBD_LL_DataOutStage                   0x08002b74   Section        0  usbd_core.o(i.USBD_LL_DataOutStage)
    i.USBD_LL_Init                           0x08002bf8   Section        0  usbd_conf.o(i.USBD_LL_Init)
    i.USBD_LL_IsStallEP                      0x08002c60   Section        0  usbd_conf.o(i.USBD_LL_IsStallEP)
    i.USBD_LL_OpenEP                         0x08002c7e   Section        0  usbd_conf.o(i.USBD_LL_OpenEP)
    i.USBD_LL_PrepareReceive                 0x08002c96   Section        0  usbd_conf.o(i.USBD_LL_PrepareReceive)
    i.USBD_LL_Reset                          0x08002ca8   Section        0  usbd_core.o(i.USBD_LL_Reset)
    i.USBD_LL_Resume                         0x08002cf8   Section        0  usbd_core.o(i.USBD_LL_Resume)
    i.USBD_LL_SOF                            0x08002d0c   Section        0  usbd_core.o(i.USBD_LL_SOF)
    i.USBD_LL_SetSpeed                       0x08002d24   Section        0  usbd_core.o(i.USBD_LL_SetSpeed)
    i.USBD_LL_SetUSBAddress                  0x08002d2a   Section        0  usbd_conf.o(i.USBD_LL_SetUSBAddress)
    i.USBD_LL_SetupStage                     0x08002d3c   Section        0  usbd_core.o(i.USBD_LL_SetupStage)
    i.USBD_LL_StallEP                        0x08002d96   Section        0  usbd_conf.o(i.USBD_LL_StallEP)
    i.USBD_LL_Start                          0x08002da8   Section        0  usbd_conf.o(i.USBD_LL_Start)
    i.USBD_LL_Suspend                        0x08002dba   Section        0  usbd_core.o(i.USBD_LL_Suspend)
    i.USBD_LL_Transmit                       0x08002dcc   Section        0  usbd_conf.o(i.USBD_LL_Transmit)
    i.USBD_ParseSetupRequest                 0x08002dde   Section        0  usbd_ctlreq.o(i.USBD_ParseSetupRequest)
    i.USBD_RegisterClass                     0x08002e06   Section        0  usbd_core.o(i.USBD_RegisterClass)
    i.USBD_SetClassConfig                    0x08002e16   Section        0  usbd_core.o(i.USBD_SetClassConfig)
    i.USBD_SetConfig                         0x08002e2c   Section        0  usbd_ctlreq.o(i.USBD_SetConfig)
    USBD_SetConfig                           0x08002e2d   Thumb Code   128  usbd_ctlreq.o(i.USBD_SetConfig)
    i.USBD_Start                             0x08002eb0   Section        0  usbd_core.o(i.USBD_Start)
    i.USBD_StdDevReq                         0x08002eba   Section        0  usbd_ctlreq.o(i.USBD_StdDevReq)
    i.USBD_StdEPReq                          0x08002fcc   Section        0  usbd_ctlreq.o(i.USBD_StdEPReq)
    i.USBD_StdItfReq                         0x0800311c   Section        0  usbd_ctlreq.o(i.USBD_StdItfReq)
    i.USBD_static_free                       0x0800316a   Section        0  usbd_conf.o(i.USBD_static_free)
    i.USBD_static_malloc                     0x0800316c   Section        0  usbd_conf.o(i.USBD_static_malloc)
    i.USB_ActivateEndpoint                   0x08003174   Section        0  stm32f1xx_ll_usb.o(i.USB_ActivateEndpoint)
    i.USB_CoreInit                           0x08003410   Section        0  stm32f1xx_ll_usb.o(i.USB_CoreInit)
    i.USB_DeactivateEndpoint                 0x08003414   Section        0  stm32f1xx_ll_usb.o(i.USB_DeactivateEndpoint)
    i.USB_DevConnect                         0x08003522   Section        0  stm32f1xx_ll_usb.o(i.USB_DevConnect)
    i.USB_DevDisconnect                      0x08003526   Section        0  stm32f1xx_ll_usb.o(i.USB_DevDisconnect)
    i.USB_DevInit                            0x0800352a   Section        0  stm32f1xx_ll_usb.o(i.USB_DevInit)
    i.USB_DisableGlobalInt                   0x0800353c   Section        0  stm32f1xx_ll_usb.o(i.USB_DisableGlobalInt)
    i.USB_EP0_OutStart                       0x0800354a   Section        0  stm32f1xx_ll_usb.o(i.USB_EP0_OutStart)
    i.USB_EPClearStall                       0x0800354e   Section        0  stm32f1xx_ll_usb.o(i.USB_EPClearStall)
    i.USB_EPSetStall                         0x080035c6   Section        0  stm32f1xx_ll_usb.o(i.USB_EPSetStall)
    i.USB_EPStartXfer                        0x080035f8   Section        0  stm32f1xx_ll_usb.o(i.USB_EPStartXfer)
    i.USB_EnableGlobalInt                    0x08003ada   Section        0  stm32f1xx_ll_usb.o(i.USB_EnableGlobalInt)
    i.USB_LP_CAN1_RX0_IRQHandler             0x08003aec   Section        0  stm32f1xx_it.o(i.USB_LP_CAN1_RX0_IRQHandler)
    i.USB_ReadInterrupts                     0x08003af8   Section        0  stm32f1xx_ll_usb.o(i.USB_ReadInterrupts)
    i.USB_ReadPMA                            0x08003b00   Section        0  stm32f1xx_ll_usb.o(i.USB_ReadPMA)
    i.USB_SetCurrentMode                     0x08003b2c   Section        0  stm32f1xx_ll_usb.o(i.USB_SetCurrentMode)
    i.USB_SetDevAddress                      0x08003b30   Section        0  stm32f1xx_ll_usb.o(i.USB_SetDevAddress)
    i.USB_WritePMA                           0x08003b3c   Section        0  stm32f1xx_ll_usb.o(i.USB_WritePMA)
    i.UsageFault_Handler                     0x08003b62   Section        0  stm32f1xx_it.o(i.UsageFault_Handler)
    i.__0printf$1                            0x08003b64   Section        0  printf1.o(i.__0printf$1)
    i.__NVIC_SetPriority                     0x08003b84   Section        0  stm32f1xx_hal_cortex.o(i.__NVIC_SetPriority)
    __NVIC_SetPriority                       0x08003b85   Thumb Code    32  stm32f1xx_hal_cortex.o(i.__NVIC_SetPriority)
    i.__scatterload_copy                     0x08003ba4   Section       14  handlers.o(i.__scatterload_copy)
    i.__scatterload_null                     0x08003bb2   Section        2  handlers.o(i.__scatterload_null)
    i.__scatterload_zeroinit                 0x08003bb4   Section       14  handlers.o(i.__scatterload_zeroinit)
    i._printf_core                           0x08003bc4   Section        0  printf1.o(i._printf_core)
    _printf_core                             0x08003bc5   Thumb Code   336  printf1.o(i._printf_core)
    i.fputc                                  0x08003d18   Section        0  usart.o(i.fputc)
    i.main                                   0x08003d30   Section        0  main.o(i.main)
    .constdata                               0x08003df8   Section       18  stm32f1xx_hal_rcc.o(.constdata)
    aPredivFactorTable                       0x08003df8   Data           2  stm32f1xx_hal_rcc.o(.constdata)
    aPLLMULFactorTable                       0x08003dfa   Data          16  stm32f1xx_hal_rcc.o(.constdata)
    .constdata                               0x08003e0a   Section       16  system_stm32f1xx.o(.constdata)
    .constdata                               0x08003e1a   Section        8  system_stm32f1xx.o(.constdata)
    .data                                    0x20000000   Section        9  main.o(.data)
    .data                                    0x2000000c   Section       28  usbd_desc.o(.data)
    .data                                    0x20000028   Section       50  usbd_desc.o(.data)
    .data                                    0x2000005c   Section       12  stm32f1xx_hal.o(.data)
    .data                                    0x20000068   Section        4  system_stm32f1xx.o(.data)
    .data                                    0x2000006c   Section        1  usbd_ctlreq.o(.data)
    cfgidx                                   0x2000006c   Data           1  usbd_ctlreq.o(.data)
    .data                                    0x20000070   Section       56  usbd_hid.o(.data)
    .data                                    0x200000a8   Section      206  usbd_hid.o(.data)
    USBD_HID_CfgFSDesc                       0x200000a8   Data          34  usbd_hid.o(.data)
    USBD_HID_CfgHSDesc                       0x200000cc   Data          34  usbd_hid.o(.data)
    USBD_HID_OtherSpeedCfgDesc               0x200000f0   Data          34  usbd_hid.o(.data)
    USBD_HID_Desc                            0x20000114   Data           9  usbd_hid.o(.data)
    USBD_HID_DeviceQualifierDesc             0x20000120   Data          10  usbd_hid.o(.data)
    HID_MOUSE_ReportDesc                     0x2000012c   Data          74  usbd_hid.o(.data)
    .data                                    0x20000178   Section        4  stdout.o(.data)
    .bss                                     0x2000017c   Section       64  main.o(.bss)
    .bss                                     0x200001bc   Section       72  tim.o(.bss)
    .bss                                     0x20000204   Section       72  usart.o(.bss)
    .bss                                     0x2000024c   Section      708  usb_device.o(.bss)
    .bss                                     0x20000510   Section      748  usbd_conf.o(.bss)
    mem                                      0x20000510   Data          20  usbd_conf.o(.bss)
    .bss                                     0x200007fc   Section      512  usbd_desc.o(.bss)
    STACK                                    0x20000a00   Section     1024  startup_stm32f103xb.o(STACK)

    Global Symbols

    Symbol Name                              Value     Ov Type        Size  Object(Section)

    BuildAttributes$$THM_ISAv4$P$D$K$B$S$PE$A:L22UL41UL21$X:L11$S22US41US21$IEEE1$IW$USESV6$~STKCKD$USESV7$~SHL$OSPACE$ROPI$EBA8$MICROLIB$REQ8$PRES8$EABIv2 0x00000000   Number         0  anon$$obj.o ABSOLUTE
    __ARM_use_no_argv                        0x00000000   Number         0  main.o ABSOLUTE
    _printf_a                                0x00000000   Number         0  stubs.o ABSOLUTE
    _printf_c                                0x00000000   Number         0  stubs.o ABSOLUTE
    _printf_charcount                        0x00000000   Number         0  stubs.o ABSOLUTE
    _printf_d                                0x00000000   Number         0  stubs.o ABSOLUTE
    _printf_e                                0x00000000   Number         0  stubs.o ABSOLUTE
    _printf_f                                0x00000000   Number         0  stubs.o ABSOLUTE
    _printf_flags                            0x00000000   Number         0  stubs.o ABSOLUTE
    _printf_fp_dec                           0x00000000   Number         0  stubs.o ABSOLUTE
    _printf_fp_hex                           0x00000000   Number         0  stubs.o ABSOLUTE
    _printf_g                                0x00000000   Number         0  stubs.o ABSOLUTE
    _printf_i                                0x00000000   Number         0  stubs.o ABSOLUTE
    _printf_int_dec                          0x00000000   Number         0  stubs.o ABSOLUTE
    _printf_l                                0x00000000   Number         0  stubs.o ABSOLUTE
    _printf_lc                               0x00000000   Number         0  stubs.o ABSOLUTE
    _printf_ll                               0x00000000   Number         0  stubs.o ABSOLUTE
    _printf_lld                              0x00000000   Number         0  stubs.o ABSOLUTE
    _printf_lli                              0x00000000   Number         0  stubs.o ABSOLUTE
    _printf_llo                              0x00000000   Number         0  stubs.o ABSOLUTE
    _printf_llu                              0x00000000   Number         0  stubs.o ABSOLUTE
    _printf_llx                              0x00000000   Number         0  stubs.o ABSOLUTE
    _printf_longlong_dec                     0x00000000   Number         0  stubs.o ABSOLUTE
    _printf_longlong_hex                     0x00000000   Number         0  stubs.o ABSOLUTE
    _printf_longlong_oct                     0x00000000   Number         0  stubs.o ABSOLUTE
    _printf_ls                               0x00000000   Number         0  stubs.o ABSOLUTE
    _printf_mbtowc                           0x00000000   Number         0  stubs.o ABSOLUTE
    _printf_n                                0x00000000   Number         0  stubs.o ABSOLUTE
    _printf_o                                0x00000000   Number         0  stubs.o ABSOLUTE
    _printf_p                                0x00000000   Number         0  stubs.o ABSOLUTE
    _printf_percent                          0x00000000   Number         0  stubs.o ABSOLUTE
    _printf_pre_padding                      0x00000000   Number         0  stubs.o ABSOLUTE
    _printf_return_value                     0x00000000   Number         0  stubs.o ABSOLUTE
    _printf_s                                0x00000000   Number         0  stubs.o ABSOLUTE
    _printf_sizespec                         0x00000000   Number         0  stubs.o ABSOLUTE
    _printf_str                              0x00000000   Number         0  stubs.o ABSOLUTE
    _printf_truncate_signed                  0x00000000   Number         0  stubs.o ABSOLUTE
    _printf_truncate_unsigned                0x00000000   Number         0  stubs.o ABSOLUTE
    _printf_u                                0x00000000   Number         0  stubs.o ABSOLUTE
    _printf_wc                               0x00000000   Number         0  stubs.o ABSOLUTE
    _printf_wctomb                           0x00000000   Number         0  stubs.o ABSOLUTE
    _printf_widthprec                        0x00000000   Number         0  stubs.o ABSOLUTE
    _printf_x                                0x00000000   Number         0  stubs.o ABSOLUTE
    __arm_fini_                               - Undefined Weak Reference
    __cpp_initialize__aeabi_                  - Undefined Weak Reference
    __cxa_finalize                            - Undefined Weak Reference
    _clock_init                               - Undefined Weak Reference
    _microlib_exit                            - Undefined Weak Reference
    __Vectors_Size                           0x000000ec   Number         0  startup_stm32f103xb.o ABSOLUTE
    __Vectors                                0x08000000   Data           4  startup_stm32f103xb.o(RESET)
    __Vectors_End                            0x080000ec   Data           0  startup_stm32f103xb.o(RESET)
    __main                                   0x080000ed   Thumb Code     0  entry.o(.ARM.Collect$$$$00000000)
    _main_stk                                0x080000ed   Thumb Code     0  entry2.o(.ARM.Collect$$$$00000001)
    _main_scatterload                        0x080000f1   Thumb Code     0  entry5.o(.ARM.Collect$$$$00000004)
    __main_after_scatterload                 0x080000f5   Thumb Code     0  entry5.o(.ARM.Collect$$$$00000004)
    _main_clock                              0x080000f5   Thumb Code     0  entry7b.o(.ARM.Collect$$$$00000008)
    _main_cpp_init                           0x080000f5   Thumb Code     0  entry8b.o(.ARM.Collect$$$$0000000A)
    _main_init                               0x080000f5   Thumb Code     0  entry9a.o(.ARM.Collect$$$$0000000B)
    __rt_lib_shutdown_fini                   0x080000fd   Thumb Code     0  entry12b.o(.ARM.Collect$$$$0000000E)
    __rt_final_cpp                           0x08000101   Thumb Code     0  entry10a.o(.ARM.Collect$$$$0000000F)
    __rt_final_exit                          0x08000101   Thumb Code     0  entry11a.o(.ARM.Collect$$$$00000011)
    Reset_Handler                            0x08000105   Thumb Code     8  startup_stm32f103xb.o(.text)
    ADC1_2_IRQHandler                        0x0800011f   Thumb Code     0  startup_stm32f103xb.o(.text)
    CAN1_RX1_IRQHandler                      0x0800011f   Thumb Code     0  startup_stm32f103xb.o(.text)
    CAN1_SCE_IRQHandler                      0x0800011f   Thumb Code     0  startup_stm32f103xb.o(.text)
    DMA1_Channel1_IRQHandler                 0x0800011f   Thumb Code     0  startup_stm32f103xb.o(.text)
    DMA1_Channel2_IRQHandler                 0x0800011f   Thumb Code     0  startup_stm32f103xb.o(.text)
    DMA1_Channel3_IRQHandler                 0x0800011f   Thumb Code     0  startup_stm32f103xb.o(.text)
    DMA1_Channel4_IRQHandler                 0x0800011f   Thumb Code     0  startup_stm32f103xb.o(.text)
    DMA1_Channel5_IRQHandler                 0x0800011f   Thumb Code     0  startup_stm32f103xb.o(.text)
    DMA1_Channel6_IRQHandler                 0x0800011f   Thumb Code     0  startup_stm32f103xb.o(.text)
    DMA1_Channel7_IRQHandler                 0x0800011f   Thumb Code     0  startup_stm32f103xb.o(.text)
    EXTI2_IRQHandler                         0x0800011f   Thumb Code     0  startup_stm32f103xb.o(.text)
    FLASH_IRQHandler                         0x0800011f   Thumb Code     0  startup_stm32f103xb.o(.text)
    I2C1_ER_IRQHandler                       0x0800011f   Thumb Code     0  startup_stm32f103xb.o(.text)
    I2C1_EV_IRQHandler                       0x0800011f   Thumb Code     0  startup_stm32f103xb.o(.text)
    I2C2_ER_IRQHandler                       0x0800011f   Thumb Code     0  startup_stm32f103xb.o(.text)
    I2C2_EV_IRQHandler                       0x0800011f   Thumb Code     0  startup_stm32f103xb.o(.text)
    PVD_IRQHandler                           0x0800011f   Thumb Code     0  startup_stm32f103xb.o(.text)
    RCC_IRQHandler                           0x0800011f   Thumb Code     0  startup_stm32f103xb.o(.text)
    RTC_Alarm_IRQHandler                     0x0800011f   Thumb Code     0  startup_stm32f103xb.o(.text)
    RTC_IRQHandler                           0x0800011f   Thumb Code     0  startup_stm32f103xb.o(.text)
    SPI1_IRQHandler                          0x0800011f   Thumb Code     0  startup_stm32f103xb.o(.text)
    SPI2_IRQHandler                          0x0800011f   Thumb Code     0  startup_stm32f103xb.o(.text)
    TAMPER_IRQHandler                        0x0800011f   Thumb Code     0  startup_stm32f103xb.o(.text)
    TIM1_BRK_IRQHandler                      0x0800011f   Thumb Code     0  startup_stm32f103xb.o(.text)
    TIM1_CC_IRQHandler                       0x0800011f   Thumb Code     0  startup_stm32f103xb.o(.text)
    TIM1_TRG_COM_IRQHandler                  0x0800011f   Thumb Code     0  startup_stm32f103xb.o(.text)
    TIM1_UP_IRQHandler                       0x0800011f   Thumb Code     0  startup_stm32f103xb.o(.text)
    TIM3_IRQHandler                          0x0800011f   Thumb Code     0  startup_stm32f103xb.o(.text)
    TIM4_IRQHandler                          0x0800011f   Thumb Code     0  startup_stm32f103xb.o(.text)
    USART1_IRQHandler                        0x0800011f   Thumb Code     0  startup_stm32f103xb.o(.text)
    USART2_IRQHandler                        0x0800011f   Thumb Code     0  startup_stm32f103xb.o(.text)
    USART3_IRQHandler                        0x0800011f   Thumb Code     0  startup_stm32f103xb.o(.text)
    USBWakeUp_IRQHandler                     0x0800011f   Thumb Code     0  startup_stm32f103xb.o(.text)
    USB_HP_CAN1_TX_IRQHandler                0x0800011f   Thumb Code     0  startup_stm32f103xb.o(.text)
    WWDG_IRQHandler                          0x0800011f   Thumb Code     0  startup_stm32f103xb.o(.text)
    __aeabi_memset                           0x08000129   Thumb Code    14  memseta.o(.text)
    __aeabi_memset4                          0x08000129   Thumb Code     0  memseta.o(.text)
    __aeabi_memset8                          0x08000129   Thumb Code     0  memseta.o(.text)
    __aeabi_memclr                           0x08000137   Thumb Code     4  memseta.o(.text)
    __aeabi_memclr4                          0x08000137   Thumb Code     0  memseta.o(.text)
    __aeabi_memclr8                          0x08000137   Thumb Code     0  memseta.o(.text)
    _memset$wrapper                          0x0800013b   Thumb Code    18  memseta.o(.text)
    __aeabi_uidiv                            0x0800014d   Thumb Code     0  uidiv.o(.text)
    __aeabi_uidivmod                         0x0800014d   Thumb Code    44  uidiv.o(.text)
    __scatterload                            0x08000179   Thumb Code    28  init.o(.text)
    __scatterload_rt2                        0x08000179   Thumb Code     0  init.o(.text)
    __decompress                             0x0800019d   Thumb Code     0  __dczerorl2.o(.text)
    __decompress1                            0x0800019d   Thumb Code    86  __dczerorl2.o(.text)
    BusFault_Handler                         0x080001f3   Thumb Code     2  stm32f1xx_it.o(i.BusFault_Handler)
    DebugMon_Handler                         0x080001f5   Thumb Code     2  stm32f1xx_it.o(i.DebugMon_Handler)
    EXTI0_IRQHandler                         0x080001f7   Thumb Code     6  stm32f1xx_it.o(i.EXTI0_IRQHandler)
    EXTI15_10_IRQHandler                     0x080001fd   Thumb Code    46  stm32f1xx_it.o(i.EXTI15_10_IRQHandler)
    EXTI1_IRQHandler                         0x0800022b   Thumb Code     6  stm32f1xx_it.o(i.EXTI1_IRQHandler)
    EXTI3_IRQHandler                         0x08000231   Thumb Code     6  stm32f1xx_it.o(i.EXTI3_IRQHandler)
    EXTI4_IRQHandler                         0x08000237   Thumb Code     6  stm32f1xx_it.o(i.EXTI4_IRQHandler)
    EXTI9_5_IRQHandler                       0x0800023d   Thumb Code    32  stm32f1xx_it.o(i.EXTI9_5_IRQHandler)
    Error_Handler                            0x0800025d   Thumb Code     4  main.o(i.Error_Handler)
    HAL_GPIO_EXTI_Callback                   0x08000261   Thumb Code   548  main.o(i.HAL_GPIO_EXTI_Callback)
    HAL_GPIO_EXTI_IRQHandler                 0x08000491   Thumb Code    18  stm32f1xx_hal_gpio.o(i.HAL_GPIO_EXTI_IRQHandler)
    HAL_GPIO_Init                            0x080004a9   Thumb Code   446  stm32f1xx_hal_gpio.o(i.HAL_GPIO_Init)
    HAL_GPIO_ReadPin                         0x08000689   Thumb Code    10  stm32f1xx_hal_gpio.o(i.HAL_GPIO_ReadPin)
    HAL_GetTick                              0x08000695   Thumb Code     6  stm32f1xx_hal.o(i.HAL_GetTick)
    HAL_IncTick                              0x080006a1   Thumb Code    12  stm32f1xx_hal.o(i.HAL_IncTick)
    HAL_Init                                 0x080006b1   Thumb Code    32  stm32f1xx_hal.o(i.HAL_Init)
    HAL_InitTick                             0x080006d5   Thumb Code    54  stm32f1xx_hal.o(i.HAL_InitTick)
    HAL_MspInit                              0x08000715   Thumb Code    52  stm32f1xx_hal_msp.o(i.HAL_MspInit)
    HAL_NVIC_EnableIRQ                       0x08000751   Thumb Code    26  stm32f1xx_hal_cortex.o(i.HAL_NVIC_EnableIRQ)
    HAL_NVIC_SetPriority                     0x0800076d   Thumb Code    60  stm32f1xx_hal_cortex.o(i.HAL_NVIC_SetPriority)
    HAL_NVIC_SetPriorityGrouping             0x080007ad   Thumb Code    26  stm32f1xx_hal_cortex.o(i.HAL_NVIC_SetPriorityGrouping)
    HAL_PCDEx_PMAConfig                      0x080007d1   Thumb Code    60  stm32f1xx_hal_pcd_ex.o(i.HAL_PCDEx_PMAConfig)
    HAL_PCDEx_SetConnectionState             0x0800080d   Thumb Code     2  usbd_conf.o(i.HAL_PCDEx_SetConnectionState)
    HAL_PCD_DataInStageCallback              0x0800080f   Thumb Code    18  usbd_conf.o(i.HAL_PCD_DataInStageCallback)
    HAL_PCD_DataOutStageCallback             0x08000821   Thumb Code    20  usbd_conf.o(i.HAL_PCD_DataOutStageCallback)
    HAL_PCD_EP_Close                         0x08000835   Thumb Code    74  stm32f1xx_hal_pcd.o(i.HAL_PCD_EP_Close)
    HAL_PCD_EP_ClrStall                      0x0800087f   Thumb Code    90  stm32f1xx_hal_pcd.o(i.HAL_PCD_EP_ClrStall)
    HAL_PCD_EP_Open                          0x08000cf7   Thumb Code    88  stm32f1xx_hal_pcd.o(i.HAL_PCD_EP_Open)
    HAL_PCD_EP_Receive                       0x08000d4f   Thumb Code    46  stm32f1xx_hal_pcd.o(i.HAL_PCD_EP_Receive)
    HAL_PCD_EP_SetStall                      0x08000d7d   Thumb Code   112  stm32f1xx_hal_pcd.o(i.HAL_PCD_EP_SetStall)
    HAL_PCD_EP_Transmit                      0x08000ded   Thumb Code    46  stm32f1xx_hal_pcd.o(i.HAL_PCD_EP_Transmit)
    HAL_PCD_IRQHandler                       0x08000e1d   Thumb Code   308  stm32f1xx_hal_pcd.o(i.HAL_PCD_IRQHandler)
    HAL_PCD_Init                             0x08000f51   Thumb Code   186  stm32f1xx_hal_pcd.o(i.HAL_PCD_Init)
    HAL_PCD_MspInit                          0x0800100d   Thumb Code    50  usbd_conf.o(i.HAL_PCD_MspInit)
    HAL_PCD_ResetCallback                    0x08001049   Thumb Code    38  usbd_conf.o(i.HAL_PCD_ResetCallback)
    HAL_PCD_ResumeCallback                   0x0800106f   Thumb Code     8  usbd_conf.o(i.HAL_PCD_ResumeCallback)
    HAL_PCD_SOFCallback                      0x08001077   Thumb Code     8  usbd_conf.o(i.HAL_PCD_SOFCallback)
    HAL_PCD_SetAddress                       0x0800107f   Thumb Code    38  stm32f1xx_hal_pcd.o(i.HAL_PCD_SetAddress)
    HAL_PCD_SetupStageCallback               0x080010a5   Thumb Code    14  usbd_conf.o(i.HAL_PCD_SetupStageCallback)
    HAL_PCD_Start                            0x080010b3   Thumb Code    50  stm32f1xx_hal_pcd.o(i.HAL_PCD_Start)
    HAL_PCD_SuspendCallback                  0x080010e5   Thumb Code    30  usbd_conf.o(i.HAL_PCD_SuspendCallback)
    HAL_RCCEx_PeriphCLKConfig                0x08001109   Thumb Code   224  stm32f1xx_hal_rcc_ex.o(i.HAL_RCCEx_PeriphCLKConfig)
    HAL_RCC_ClockConfig                      0x080011f5   Thumb Code   280  stm32f1xx_hal_rcc.o(i.HAL_RCC_ClockConfig)
    HAL_RCC_GetHCLKFreq                      0x08001321   Thumb Code     6  stm32f1xx_hal_rcc.o(i.HAL_RCC_GetHCLKFreq)
    HAL_RCC_GetPCLK1Freq                     0x0800132d   Thumb Code    20  stm32f1xx_hal_rcc.o(i.HAL_RCC_GetPCLK1Freq)
    HAL_RCC_GetPCLK2Freq                     0x0800134d   Thumb Code    20  stm32f1xx_hal_rcc.o(i.HAL_RCC_GetPCLK2Freq)
    HAL_RCC_GetSysClockFreq                  0x0800136d   Thumb Code    58  stm32f1xx_hal_rcc.o(i.HAL_RCC_GetSysClockFreq)
    HAL_RCC_OscConfig                        0x080013b9   Thumb Code   778  stm32f1xx_hal_rcc.o(i.HAL_RCC_OscConfig)
    HAL_SYSTICK_Config                       0x080016d9   Thumb Code    40  stm32f1xx_hal_cortex.o(i.HAL_SYSTICK_Config)
    HAL_TIMEx_BreakCallback                  0x08001701   Thumb Code     2  stm32f1xx_hal_tim_ex.o(i.HAL_TIMEx_BreakCallback)
    HAL_TIMEx_CommutCallback                 0x08001703   Thumb Code     2  stm32f1xx_hal_tim_ex.o(i.HAL_TIMEx_CommutCallback)
    HAL_TIMEx_MasterConfigSynchronization    0x08001705   Thumb Code    92  stm32f1xx_hal_tim_ex.o(i.HAL_TIMEx_MasterConfigSynchronization)
    HAL_TIM_Base_Init                        0x0800176d   Thumb Code    90  stm32f1xx_hal_tim.o(i.HAL_TIM_Base_Init)
    HAL_TIM_Base_MspInit                     0x080017c9   Thumb Code    50  tim.o(i.HAL_TIM_Base_MspInit)
    HAL_TIM_Base_Start_IT                    0x08001801   Thumb Code    76  stm32f1xx_hal_tim.o(i.HAL_TIM_Base_Start_IT)
    HAL_TIM_ConfigClockSource                0x08001859   Thumb Code   220  stm32f1xx_hal_tim.o(i.HAL_TIM_ConfigClockSource)
    HAL_TIM_IC_CaptureCallback               0x08001935   Thumb Code     2  stm32f1xx_hal_tim.o(i.HAL_TIM_IC_CaptureCallback)
    HAL_TIM_IRQHandler                       0x08001937   Thumb Code   304  stm32f1xx_hal_tim.o(i.HAL_TIM_IRQHandler)
    HAL_TIM_OC_DelayElapsedCallback          0x08001a67   Thumb Code     2  stm32f1xx_hal_tim.o(i.HAL_TIM_OC_DelayElapsedCallback)
    HAL_TIM_PWM_PulseFinishedCallback        0x08001a69   Thumb Code     2  stm32f1xx_hal_tim.o(i.HAL_TIM_PWM_PulseFinishedCallback)
    HAL_TIM_PeriodElapsedCallback            0x08001a6d   Thumb Code    44  main.o(i.HAL_TIM_PeriodElapsedCallback)
    HAL_TIM_TriggerCallback                  0x08001aa1   Thumb Code     2  stm32f1xx_hal_tim.o(i.HAL_TIM_TriggerCallback)
    HAL_UART_Init                            0x08001aa3   Thumb Code   100  stm32f1xx_hal_uart.o(i.HAL_UART_Init)
    HAL_UART_MspInit                         0x08001b09   Thumb Code   100  usart.o(i.HAL_UART_MspInit)
    HAL_UART_Transmit                        0x08001b79   Thumb Code   160  stm32f1xx_hal_uart.o(i.HAL_UART_Transmit)
    HardFault_Handler                        0x08001c19   Thumb Code     2  stm32f1xx_it.o(i.HardFault_Handler)
    Key_Config                               0x08001c55   Thumb Code    30  main.o(i.Key_Config)
    Key_Debug                                0x08001c7d   Thumb Code   100  main.o(i.Key_Debug)
    Key_ParaInit                             0x08001d31   Thumb Code    12  main.o(i.Key_ParaInit)
    Key_Scan                                 0x08001d3d   Thumb Code   218  main.o(i.Key_Scan)
    MX_GPIO_Init                             0x08001e19   Thumb Code   196  gpio.o(i.MX_GPIO_Init)
    MX_TIM2_Init                             0x08001ee9   Thumb Code    96  tim.o(i.MX_TIM2_Init)
    MX_USART1_UART_Init                      0x08001f4d   Thumb Code    48  usart.o(i.MX_USART1_UART_Init)
    MX_USB_DEVICE_Init                       0x08001f85   Thumb Code    52  usb_device.o(i.MX_USB_DEVICE_Init)
    MemManage_Handler                        0x08001fc5   Thumb Code     2  stm32f1xx_it.o(i.MemManage_Handler)
    NMI_Handler                              0x08001fc7   Thumb Code     2  stm32f1xx_it.o(i.NMI_Handler)
    PendSV_Handler                           0x0800236f   Thumb Code     2  stm32f1xx_it.o(i.PendSV_Handler)
    SVC_Handler                              0x08002371   Thumb Code     2  stm32f1xx_it.o(i.SVC_Handler)
    SysTick_Handler                          0x08002373   Thumb Code     4  stm32f1xx_it.o(i.SysTick_Handler)
    SystemClock_Config                       0x08002377   Thumb Code   118  main.o(i.SystemClock_Config)
    SystemInit                               0x080023ed   Thumb Code     2  system_stm32f1xx.o(i.SystemInit)
    TIM2_IRQHandler                          0x080023f1   Thumb Code     6  stm32f1xx_it.o(i.TIM2_IRQHandler)
    TIM_Base_SetConfig                       0x080023fd   Thumb Code   108  stm32f1xx_hal_tim.o(i.TIM_Base_SetConfig)
    TIM_ETR_SetConfig                        0x08002475   Thumb Code    20  stm32f1xx_hal_tim.o(i.TIM_ETR_SetConfig)
    USBD_ClrClassConfig                      0x08002657   Thumb Code    14  usbd_core.o(i.USBD_ClrClassConfig)
    USBD_CtlContinueRx                       0x08002665   Thumb Code    16  usbd_ioreq.o(i.USBD_CtlContinueRx)
    USBD_CtlContinueSendData                 0x08002675   Thumb Code    16  usbd_ioreq.o(i.USBD_CtlContinueSendData)
    USBD_CtlError                            0x08002685   Thumb Code    22  usbd_ctlreq.o(i.USBD_CtlError)
    USBD_CtlReceiveStatus                    0x0800269b   Thumb Code    22  usbd_ioreq.o(i.USBD_CtlReceiveStatus)
    USBD_CtlSendData                         0x080026b1   Thumb Code    26  usbd_ioreq.o(i.USBD_CtlSendData)
    USBD_CtlSendStatus                       0x080026cb   Thumb Code    22  usbd_ioreq.o(i.USBD_CtlSendStatus)
    USBD_FS_ConfigStrDescriptor              0x080026e1   Thumb Code    16  usbd_desc.o(i.USBD_FS_ConfigStrDescriptor)
    USBD_FS_DeviceDescriptor                 0x08002701   Thumb Code     8  usbd_desc.o(i.USBD_FS_DeviceDescriptor)
    USBD_FS_InterfaceStrDescriptor           0x0800270d   Thumb Code    16  usbd_desc.o(i.USBD_FS_InterfaceStrDescriptor)
    USBD_FS_LangIDStrDescriptor              0x08002731   Thumb Code     8  usbd_desc.o(i.USBD_FS_LangIDStrDescriptor)
    USBD_FS_ManufacturerStrDescriptor        0x0800273d   Thumb Code    16  usbd_desc.o(i.USBD_FS_ManufacturerStrDescriptor)
    USBD_FS_ProductStrDescriptor             0x08002765   Thumb Code    16  usbd_desc.o(i.USBD_FS_ProductStrDescriptor)
    USBD_FS_SerialStrDescriptor              0x08002791   Thumb Code    48  usbd_desc.o(i.USBD_FS_SerialStrDescriptor)
    USBD_GetString                           0x080028b1   Thumb Code    72  usbd_ctlreq.o(i.USBD_GetString)
    USBD_Init                                0x08002a61   Thumb Code    42  usbd_core.o(i.USBD_Init)
    USBD_LL_ClearStallEP                     0x08002a8b   Thumb Code    18  usbd_conf.o(i.USBD_LL_ClearStallEP)
    USBD_LL_CloseEP                          0x08002a9d   Thumb Code    18  usbd_conf.o(i.USBD_LL_CloseEP)
    USBD_LL_DataInStage                      0x08002aaf   Thumb Code   198  usbd_core.o(i.USBD_LL_DataInStage)
    USBD_LL_DataOutStage                     0x08002b75   Thumb Code   130  usbd_core.o(i.USBD_LL_DataOutStage)
    USBD_LL_Init                             0x08002bf9   Thumb Code    94  usbd_conf.o(i.USBD_LL_Init)
    USBD_LL_IsStallEP                        0x08002c61   Thumb Code    30  usbd_conf.o(i.USBD_LL_IsStallEP)
    USBD_LL_OpenEP                           0x08002c7f   Thumb Code    24  usbd_conf.o(i.USBD_LL_OpenEP)
    USBD_LL_PrepareReceive                   0x08002c97   Thumb Code    18  usbd_conf.o(i.USBD_LL_PrepareReceive)
    USBD_LL_Reset                            0x08002ca9   Thumb Code    80  usbd_core.o(i.USBD_LL_Reset)
    USBD_LL_Resume                           0x08002cf9   Thumb Code    20  usbd_core.o(i.USBD_LL_Resume)
    USBD_LL_SOF                              0x08002d0d   Thumb Code    24  usbd_core.o(i.USBD_LL_SOF)
    USBD_LL_SetSpeed                         0x08002d25   Thumb Code     6  usbd_core.o(i.USBD_LL_SetSpeed)
    USBD_LL_SetUSBAddress                    0x08002d2b   Thumb Code    18  usbd_conf.o(i.USBD_LL_SetUSBAddress)
    USBD_LL_SetupStage                       0x08002d3d   Thumb Code    90  usbd_core.o(i.USBD_LL_SetupStage)
    USBD_LL_StallEP                          0x08002d97   Thumb Code    18  usbd_conf.o(i.USBD_LL_StallEP)
    USBD_LL_Start                            0x08002da9   Thumb Code    18  usbd_conf.o(i.USBD_LL_Start)
    USBD_LL_Suspend                          0x08002dbb   Thumb Code    18  usbd_core.o(i.USBD_LL_Suspend)
    USBD_LL_Transmit                         0x08002dcd   Thumb Code    18  usbd_conf.o(i.USBD_LL_Transmit)
    USBD_ParseSetupRequest                   0x08002ddf   Thumb Code    40  usbd_ctlreq.o(i.USBD_ParseSetupRequest)
    USBD_RegisterClass                       0x08002e07   Thumb Code    16  usbd_core.o(i.USBD_RegisterClass)
    USBD_SetClassConfig                      0x08002e17   Thumb Code    22  usbd_core.o(i.USBD_SetClassConfig)
    USBD_Start                               0x08002eb1   Thumb Code    10  usbd_core.o(i.USBD_Start)
    USBD_StdDevReq                           0x08002ebb   Thumb Code   274  usbd_ctlreq.o(i.USBD_StdDevReq)
    USBD_StdEPReq                            0x08002fcd   Thumb Code   336  usbd_ctlreq.o(i.USBD_StdEPReq)
    USBD_StdItfReq                           0x0800311d   Thumb Code    78  usbd_ctlreq.o(i.USBD_StdItfReq)
    USBD_static_free                         0x0800316b   Thumb Code     2  usbd_conf.o(i.USBD_static_free)
    USBD_static_malloc                       0x0800316d   Thumb Code     4  usbd_conf.o(i.USBD_static_malloc)
    USB_ActivateEndpoint                     0x08003175   Thumb Code   668  stm32f1xx_ll_usb.o(i.USB_ActivateEndpoint)
    USB_CoreInit                             0x08003411   Thumb Code     4  stm32f1xx_ll_usb.o(i.USB_CoreInit)
    USB_DeactivateEndpoint                   0x08003415   Thumb Code   270  stm32f1xx_ll_usb.o(i.USB_DeactivateEndpoint)
    USB_DevConnect                           0x08003523   Thumb Code     4  stm32f1xx_ll_usb.o(i.USB_DevConnect)
    USB_DevDisconnect                        0x08003527   Thumb Code     4  stm32f1xx_ll_usb.o(i.USB_DevDisconnect)
    USB_DevInit                              0x0800352b   Thumb Code    18  stm32f1xx_ll_usb.o(i.USB_DevInit)
    USB_DisableGlobalInt                     0x0800353d   Thumb Code    14  stm32f1xx_ll_usb.o(i.USB_DisableGlobalInt)
    USB_EP0_OutStart                         0x0800354b   Thumb Code     4  stm32f1xx_ll_usb.o(i.USB_EP0_OutStart)
    USB_EPClearStall                         0x0800354f   Thumb Code   120  stm32f1xx_ll_usb.o(i.USB_EPClearStall)
    USB_EPSetStall                           0x080035c7   Thumb Code    50  stm32f1xx_ll_usb.o(i.USB_EPSetStall)
    USB_EPStartXfer                          0x080035f9   Thumb Code  1250  stm32f1xx_ll_usb.o(i.USB_EPStartXfer)
    USB_EnableGlobalInt                      0x08003adb   Thumb Code    18  stm32f1xx_ll_usb.o(i.USB_EnableGlobalInt)
    USB_LP_CAN1_RX0_IRQHandler               0x08003aed   Thumb Code     6  stm32f1xx_it.o(i.USB_LP_CAN1_RX0_IRQHandler)
    USB_ReadInterrupts                       0x08003af9   Thumb Code     6  stm32f1xx_ll_usb.o(i.USB_ReadInterrupts)
    USB_ReadPMA                              0x08003b01   Thumb Code    44  stm32f1xx_ll_usb.o(i.USB_ReadPMA)
    USB_SetCurrentMode                       0x08003b2d   Thumb Code     4  stm32f1xx_ll_usb.o(i.USB_SetCurrentMode)
    USB_SetDevAddress                        0x08003b31   Thumb Code    12  stm32f1xx_ll_usb.o(i.USB_SetDevAddress)
    USB_WritePMA                             0x08003b3d   Thumb Code    38  stm32f1xx_ll_usb.o(i.USB_WritePMA)
    UsageFault_Handler                       0x08003b63   Thumb Code     2  stm32f1xx_it.o(i.UsageFault_Handler)
    __0printf$1                              0x08003b65   Thumb Code    22  printf1.o(i.__0printf$1)
    __1printf$1                              0x08003b65   Thumb Code     0  printf1.o(i.__0printf$1)
    __2printf                                0x08003b65   Thumb Code     0  printf1.o(i.__0printf$1)
    __scatterload_copy                       0x08003ba5   Thumb Code    14  handlers.o(i.__scatterload_copy)
    __scatterload_null                       0x08003bb3   Thumb Code     2  handlers.o(i.__scatterload_null)
    __scatterload_zeroinit                   0x08003bb5   Thumb Code    14  handlers.o(i.__scatterload_zeroinit)
    fputc                                    0x08003d19   Thumb Code    18  usart.o(i.fputc)
    main                                     0x08003d31   Thumb Code    94  main.o(i.main)
    AHBPrescTable                            0x08003e0a   Data          16  system_stm32f1xx.o(.constdata)
    APBPrescTable                            0x08003e1a   Data           8  system_stm32f1xx.o(.constdata)
    Region$$Table$$Base                      0x08003e24   Number         0  anon$$obj.o(Region$$Table)
    Region$$Table$$Limit                     0x08003e44   Number         0  anon$$obj.o(Region$$Table)
    KeyInputBuffAddPos                       0x20000000   Data           1  main.o(.data)
    KeyboardBuff                             0x20000001   Data           8  main.o(.data)
    FS_Desc                                  0x2000000c   Data          28  usbd_desc.o(.data)
    USBD_LangIDDesc                          0x20000028   Data           4  usbd_desc.o(.data)
    USBD_FS_DeviceDesc                       0x2000002c   Data          18  usbd_desc.o(.data)
    USBD_StringSerial                        0x20000040   Data          26  usbd_desc.o(.data)
    uwTickFreq                               0x2000005c   Data           1  stm32f1xx_hal.o(.data)
    uwTickPrio                               0x20000060   Data           4  stm32f1xx_hal.o(.data)
    uwTick                                   0x20000064   Data           4  stm32f1xx_hal.o(.data)
    SystemCoreClock                          0x20000068   Data           4  system_stm32f1xx.o(.data)
    USBD_HID                                 0x20000070   Data          56  usbd_hid.o(.data)
    __stdout                                 0x20000178   Data           4  stdout.o(.data)
    button                                   0x2000017c   Data          64  main.o(.bss)
    htim2                                    0x200001bc   Data          72  tim.o(.bss)
    huart1                                   0x20000204   Data          72  usart.o(.bss)
    hUsbDeviceFS                             0x2000024c   Data         708  usb_device.o(.bss)
    hpcd_USB_FS                              0x20000524   Data         728  usbd_conf.o(.bss)
    USBD_StrDesc                             0x200007fc   Data         512  usbd_desc.o(.bss)
    __initial_sp                             0x20000e00   Data           0  startup_stm32f103xb.o(STACK)



==============================================================================

Memory Map of the image

  Image Entry point : 0x080000ed

  Load Region LR_IROM1 (Base: 0x08000000, Size: 0x00003fc0, Max: 0x00010000, ABSOLUTE, COMPRESSED[0x00003f1c])

    Execution Region ER_IROM1 (Exec base: 0x08000000, Load base: 0x08000000, Size: 0x00003e44, Max: 0x00010000, ABSOLUTE)

    Exec Addr    Load Addr    Size         Type   Attr      Idx    E Section Name        Object

    0x08000000   0x08000000   0x000000ec   Data   RO            3    RESET               startup_stm32f103xb.o
    0x080000ec   0x080000ec   0x00000000   Code   RO         4015  * .ARM.Collect$$$$00000000  mc_w.l(entry.o)
    0x080000ec   0x080000ec   0x00000004   Code   RO         4283    .ARM.Collect$$$$00000001  mc_w.l(entry2.o)
    0x080000f0   0x080000f0   0x00000004   Code   RO         4286    .ARM.Collect$$$$00000004  mc_w.l(entry5.o)
    0x080000f4   0x080000f4   0x00000000   Code   RO         4288    .ARM.Collect$$$$00000008  mc_w.l(entry7b.o)
    0x080000f4   0x080000f4   0x00000000   Code   RO         4290    .ARM.Collect$$$$0000000A  mc_w.l(entry8b.o)
    0x080000f4   0x080000f4   0x00000008   Code   RO         4291    .ARM.Collect$$$$0000000B  mc_w.l(entry9a.o)
    0x080000fc   0x080000fc   0x00000004   Code   RO         4298    .ARM.Collect$$$$0000000E  mc_w.l(entry12b.o)
    0x08000100   0x08000100   0x00000000   Code   RO         4293    .ARM.Collect$$$$0000000F  mc_w.l(entry10a.o)
    0x08000100   0x08000100   0x00000000   Code   RO         4295    .ARM.Collect$$$$00000011  mc_w.l(entry11a.o)
    0x08000100   0x08000100   0x00000004   Code   RO         4284    .ARM.Collect$$$$00002712  mc_w.l(entry2.o)
    0x08000104   0x08000104   0x00000024   Code   RO            4    .text               startup_stm32f103xb.o
    0x08000128   0x08000128   0x00000024   Code   RO         4020    .text               mc_w.l(memseta.o)
    0x0800014c   0x0800014c   0x0000002c   Code   RO         4300    .text               mc_w.l(uidiv.o)
    0x08000178   0x08000178   0x00000024   Code   RO         4315    .text               mc_w.l(init.o)
    0x0800019c   0x0800019c   0x00000056   Code   RO         4331    .text               mc_w.l(__dczerorl2.o)
    0x080001f2   0x080001f2   0x00000002   Code   RO          678    i.BusFault_Handler  stm32f1xx_it.o
    0x080001f4   0x080001f4   0x00000002   Code   RO          679    i.DebugMon_Handler  stm32f1xx_it.o
    0x080001f6   0x080001f6   0x00000006   Code   RO          680    i.EXTI0_IRQHandler  stm32f1xx_it.o
    0x080001fc   0x080001fc   0x0000002e   Code   RO          681    i.EXTI15_10_IRQHandler  stm32f1xx_it.o
    0x0800022a   0x0800022a   0x00000006   Code   RO          682    i.EXTI1_IRQHandler  stm32f1xx_it.o
    0x08000230   0x08000230   0x00000006   Code   RO          683    i.EXTI3_IRQHandler  stm32f1xx_it.o
    0x08000236   0x08000236   0x00000006   Code   RO          684    i.EXTI4_IRQHandler  stm32f1xx_it.o
    0x0800023c   0x0800023c   0x00000020   Code   RO          685    i.EXTI9_5_IRQHandler  stm32f1xx_it.o
    0x0800025c   0x0800025c   0x00000004   Code   RO           13    i.Error_Handler     main.o
    0x08000260   0x08000260   0x00000230   Code   RO           14    i.HAL_GPIO_EXTI_Callback  main.o
    0x08000490   0x08000490   0x00000018   Code   RO         1643    i.HAL_GPIO_EXTI_IRQHandler  stm32f1xx_hal_gpio.o
    0x080004a8   0x080004a8   0x000001e0   Code   RO         1644    i.HAL_GPIO_Init     stm32f1xx_hal_gpio.o
    0x08000688   0x08000688   0x0000000a   Code   RO         1646    i.HAL_GPIO_ReadPin  stm32f1xx_hal_gpio.o
    0x08000692   0x08000692   0x00000002   PAD
    0x08000694   0x08000694   0x0000000c   Code   RO         1338    i.HAL_GetTick       stm32f1xx_hal.o
    0x080006a0   0x080006a0   0x00000010   Code   RO         1344    i.HAL_IncTick       stm32f1xx_hal.o
    0x080006b0   0x080006b0   0x00000024   Code   RO         1345    i.HAL_Init          stm32f1xx_hal.o
    0x080006d4   0x080006d4   0x00000040   Code   RO         1346    i.HAL_InitTick      stm32f1xx_hal.o
    0x08000714   0x08000714   0x0000003c   Code   RO          802    i.HAL_MspInit       stm32f1xx_hal_msp.o
    0x08000750   0x08000750   0x0000001a   Code   RO         1804    i.HAL_NVIC_EnableIRQ  stm32f1xx_hal_cortex.o
    0x0800076a   0x0800076a   0x00000002   PAD
    0x0800076c   0x0800076c   0x00000040   Code   RO         1810    i.HAL_NVIC_SetPriority  stm32f1xx_hal_cortex.o
    0x080007ac   0x080007ac   0x00000024   Code   RO         1811    i.HAL_NVIC_SetPriorityGrouping  stm32f1xx_hal_cortex.o
    0x080007d0   0x080007d0   0x0000003c   Code   RO         1101    i.HAL_PCDEx_PMAConfig  stm32f1xx_hal_pcd_ex.o
    0x0800080c   0x0800080c   0x00000002   Code   RO          380    i.HAL_PCDEx_SetConnectionState  usbd_conf.o
    0x0800080e   0x0800080e   0x00000012   Code   RO          382    i.HAL_PCD_DataInStageCallback  usbd_conf.o
    0x08000820   0x08000820   0x00000014   Code   RO          383    i.HAL_PCD_DataOutStageCallback  usbd_conf.o
    0x08000834   0x08000834   0x0000004a   Code   RO          872    i.HAL_PCD_EP_Close  stm32f1xx_hal_pcd.o
    0x0800087e   0x0800087e   0x0000005a   Code   RO          873    i.HAL_PCD_EP_ClrStall  stm32f1xx_hal_pcd.o
    0x080008d8   0x080008d8   0x000000e6   Code   RO          874    i.HAL_PCD_EP_DB_Receive  stm32f1xx_hal_pcd.o
    0x080009be   0x080009be   0x00000338   Code   RO          875    i.HAL_PCD_EP_DB_Transmit  stm32f1xx_hal_pcd.o
    0x08000cf6   0x08000cf6   0x00000058   Code   RO          878    i.HAL_PCD_EP_Open   stm32f1xx_hal_pcd.o
    0x08000d4e   0x08000d4e   0x0000002e   Code   RO          879    i.HAL_PCD_EP_Receive  stm32f1xx_hal_pcd.o
    0x08000d7c   0x08000d7c   0x00000070   Code   RO          880    i.HAL_PCD_EP_SetStall  stm32f1xx_hal_pcd.o
    0x08000dec   0x08000dec   0x0000002e   Code   RO          881    i.HAL_PCD_EP_Transmit  stm32f1xx_hal_pcd.o
    0x08000e1a   0x08000e1a   0x00000002   PAD
    0x08000e1c   0x08000e1c   0x00000134   Code   RO          883    i.HAL_PCD_IRQHandler  stm32f1xx_hal_pcd.o
    0x08000f50   0x08000f50   0x000000ba   Code   RO          886    i.HAL_PCD_Init      stm32f1xx_hal_pcd.o
    0x0800100a   0x0800100a   0x00000002   PAD
    0x0800100c   0x0800100c   0x0000003c   Code   RO          388    i.HAL_PCD_MspInit   usbd_conf.o
    0x08001048   0x08001048   0x00000026   Code   RO          389    i.HAL_PCD_ResetCallback  usbd_conf.o
    0x0800106e   0x0800106e   0x00000008   Code   RO          390    i.HAL_PCD_ResumeCallback  usbd_conf.o
    0x08001076   0x08001076   0x00000008   Code   RO          391    i.HAL_PCD_SOFCallback  usbd_conf.o
    0x0800107e   0x0800107e   0x00000026   Code   RO          892    i.HAL_PCD_SetAddress  stm32f1xx_hal_pcd.o
    0x080010a4   0x080010a4   0x0000000e   Code   RO          392    i.HAL_PCD_SetupStageCallback  usbd_conf.o
    0x080010b2   0x080010b2   0x00000032   Code   RO          894    i.HAL_PCD_Start     stm32f1xx_hal_pcd.o
    0x080010e4   0x080010e4   0x00000024   Code   RO          393    i.HAL_PCD_SuspendCallback  usbd_conf.o
    0x08001108   0x08001108   0x000000ec   Code   RO         1606    i.HAL_RCCEx_PeriphCLKConfig  stm32f1xx_hal_rcc_ex.o
    0x080011f4   0x080011f4   0x0000012c   Code   RO         1502    i.HAL_RCC_ClockConfig  stm32f1xx_hal_rcc.o
    0x08001320   0x08001320   0x0000000c   Code   RO         1507    i.HAL_RCC_GetHCLKFreq  stm32f1xx_hal_rcc.o
    0x0800132c   0x0800132c   0x00000020   Code   RO         1509    i.HAL_RCC_GetPCLK1Freq  stm32f1xx_hal_rcc.o
    0x0800134c   0x0800134c   0x00000020   Code   RO         1510    i.HAL_RCC_GetPCLK2Freq  stm32f1xx_hal_rcc.o
    0x0800136c   0x0800136c   0x0000004c   Code   RO         1511    i.HAL_RCC_GetSysClockFreq  stm32f1xx_hal_rcc.o
    0x080013b8   0x080013b8   0x00000320   Code   RO         1514    i.HAL_RCC_OscConfig  stm32f1xx_hal_rcc.o
    0x080016d8   0x080016d8   0x00000028   Code   RO         1815    i.HAL_SYSTICK_Config  stm32f1xx_hal_cortex.o
    0x08001700   0x08001700   0x00000002   Code   RO         3010    i.HAL_TIMEx_BreakCallback  stm32f1xx_hal_tim_ex.o
    0x08001702   0x08001702   0x00000002   Code   RO         3011    i.HAL_TIMEx_CommutCallback  stm32f1xx_hal_tim_ex.o
    0x08001704   0x08001704   0x00000068   Code   RO         3029    i.HAL_TIMEx_MasterConfigSynchronization  stm32f1xx_hal_tim_ex.o
    0x0800176c   0x0800176c   0x0000005a   Code   RO         2306    i.HAL_TIM_Base_Init  stm32f1xx_hal_tim.o
    0x080017c6   0x080017c6   0x00000002   PAD
    0x080017c8   0x080017c8   0x00000038   Code   RO          257    i.HAL_TIM_Base_MspInit  tim.o
    0x08001800   0x08001800   0x00000058   Code   RO         2311    i.HAL_TIM_Base_Start_IT  stm32f1xx_hal_tim.o
    0x08001858   0x08001858   0x000000dc   Code   RO         2315    i.HAL_TIM_ConfigClockSource  stm32f1xx_hal_tim.o
    0x08001934   0x08001934   0x00000002   Code   RO         2340    i.HAL_TIM_IC_CaptureCallback  stm32f1xx_hal_tim.o
    0x08001936   0x08001936   0x00000130   Code   RO         2354    i.HAL_TIM_IRQHandler  stm32f1xx_hal_tim.o
    0x08001a66   0x08001a66   0x00000002   Code   RO         2357    i.HAL_TIM_OC_DelayElapsedCallback  stm32f1xx_hal_tim.o
    0x08001a68   0x08001a68   0x00000002   Code   RO         2384    i.HAL_TIM_PWM_PulseFinishedCallback  stm32f1xx_hal_tim.o
    0x08001a6a   0x08001a6a   0x00000002   PAD
    0x08001a6c   0x08001a6c   0x00000034   Code   RO           15    i.HAL_TIM_PeriodElapsedCallback  main.o
    0x08001aa0   0x08001aa0   0x00000002   Code   RO         2397    i.HAL_TIM_TriggerCallback  stm32f1xx_hal_tim.o
    0x08001aa2   0x08001aa2   0x00000064   Code   RO         3307    i.HAL_UART_Init     stm32f1xx_hal_uart.o
    0x08001b06   0x08001b06   0x00000002   PAD
    0x08001b08   0x08001b08   0x00000070   Code   RO          299    i.HAL_UART_MspInit  usart.o
    0x08001b78   0x08001b78   0x000000a0   Code   RO         3315    i.HAL_UART_Transmit  stm32f1xx_hal_uart.o
    0x08001c18   0x08001c18   0x00000002   Code   RO          686    i.HardFault_Handler  stm32f1xx_it.o
    0x08001c1a   0x08001c1a   0x00000002   PAD
    0x08001c1c   0x08001c1c   0x00000038   Code   RO          592    i.IntToUnicode      usbd_desc.o
    0x08001c54   0x08001c54   0x00000028   Code   RO           16    i.Key_Config        main.o
    0x08001c7c   0x08001c7c   0x000000b4   Code   RO           17    i.Key_Debug         main.o
    0x08001d30   0x08001d30   0x0000000c   Code   RO           18    i.Key_ParaInit      main.o
    0x08001d3c   0x08001d3c   0x000000da   Code   RO           19    i.Key_Scan          main.o
    0x08001e16   0x08001e16   0x00000002   PAD
    0x08001e18   0x08001e18   0x000000d0   Code   RO          232    i.MX_GPIO_Init      gpio.o
    0x08001ee8   0x08001ee8   0x00000064   Code   RO          258    i.MX_TIM2_Init      tim.o
    0x08001f4c   0x08001f4c   0x00000038   Code   RO          300    i.MX_USART1_UART_Init  usart.o
    0x08001f84   0x08001f84   0x00000040   Code   RO          346    i.MX_USB_DEVICE_Init  usb_device.o
    0x08001fc4   0x08001fc4   0x00000002   Code   RO          687    i.MemManage_Handler  stm32f1xx_it.o
    0x08001fc6   0x08001fc6   0x00000002   Code   RO          688    i.NMI_Handler       stm32f1xx_it.o
    0x08001fc8   0x08001fc8   0x000003a6   Code   RO          898    i.PCD_EP_ISR_Handler  stm32f1xx_hal_pcd.o
    0x0800236e   0x0800236e   0x00000002   Code   RO          689    i.PendSV_Handler    stm32f1xx_it.o
    0x08002370   0x08002370   0x00000002   Code   RO          690    i.SVC_Handler       stm32f1xx_it.o
    0x08002372   0x08002372   0x00000004   Code   RO          691    i.SysTick_Handler   stm32f1xx_it.o
    0x08002376   0x08002376   0x00000076   Code   RO           20    i.SystemClock_Config  main.o
    0x080023ec   0x080023ec   0x00000002   Code   RO         3641    i.SystemInit        system_stm32f1xx.o
    0x080023ee   0x080023ee   0x00000002   PAD
    0x080023f0   0x080023f0   0x0000000c   Code   RO          692    i.TIM2_IRQHandler   stm32f1xx_it.o
    0x080023fc   0x080023fc   0x00000078   Code   RO         2399    i.TIM_Base_SetConfig  stm32f1xx_hal_tim.o
    0x08002474   0x08002474   0x00000014   Code   RO         2410    i.TIM_ETR_SetConfig  stm32f1xx_hal_tim.o
    0x08002488   0x08002488   0x00000010   Code   RO         2411    i.TIM_ITRx_SetConfig  stm32f1xx_hal_tim.o
    0x08002498   0x08002498   0x00000022   Code   RO         2417    i.TIM_TI1_ConfigInputStage  stm32f1xx_hal_tim.o
    0x080024ba   0x080024ba   0x00000024   Code   RO         2419    i.TIM_TI2_ConfigInputStage  stm32f1xx_hal_tim.o
    0x080024de   0x080024de   0x0000004e   Code   RO         3330    i.UART_EndRxTransfer  stm32f1xx_hal_uart.o
    0x0800252c   0x0800252c   0x000000b8   Code   RO         3333    i.UART_SetConfig    stm32f1xx_hal_uart.o
    0x080025e4   0x080025e4   0x00000072   Code   RO         3336    i.UART_WaitOnFlagUntilTimeout  stm32f1xx_hal_uart.o
    0x08002656   0x08002656   0x0000000e   Code   RO         3678    i.USBD_ClrClassConfig  usbd_core.o
    0x08002664   0x08002664   0x00000010   Code   RO         3881    i.USBD_CtlContinueRx  usbd_ioreq.o
    0x08002674   0x08002674   0x00000010   Code   RO         3882    i.USBD_CtlContinueSendData  usbd_ioreq.o
    0x08002684   0x08002684   0x00000016   Code   RO         3816    i.USBD_CtlError     usbd_ctlreq.o
    0x0800269a   0x0800269a   0x00000016   Code   RO         3884    i.USBD_CtlReceiveStatus  usbd_ioreq.o
    0x080026b0   0x080026b0   0x0000001a   Code   RO         3885    i.USBD_CtlSendData  usbd_ioreq.o
    0x080026ca   0x080026ca   0x00000016   Code   RO         3886    i.USBD_CtlSendStatus  usbd_ioreq.o
    0x080026e0   0x080026e0   0x00000020   Code   RO          593    i.USBD_FS_ConfigStrDescriptor  usbd_desc.o
    0x08002700   0x08002700   0x0000000c   Code   RO          594    i.USBD_FS_DeviceDescriptor  usbd_desc.o
    0x0800270c   0x0800270c   0x00000024   Code   RO          595    i.USBD_FS_InterfaceStrDescriptor  usbd_desc.o
    0x08002730   0x08002730   0x0000000c   Code   RO          596    i.USBD_FS_LangIDStrDescriptor  usbd_desc.o
    0x0800273c   0x0800273c   0x00000028   Code   RO          597    i.USBD_FS_ManufacturerStrDescriptor  usbd_desc.o
    0x08002764   0x08002764   0x0000002c   Code   RO          598    i.USBD_FS_ProductStrDescriptor  usbd_desc.o
    0x08002790   0x08002790   0x00000038   Code   RO          599    i.USBD_FS_SerialStrDescriptor  usbd_desc.o
    0x080027c8   0x080027c8   0x000000e8   Code   RO         3817    i.USBD_GetDescriptor  usbd_ctlreq.o
    0x080028b0   0x080028b0   0x00000048   Code   RO         3818    i.USBD_GetString    usbd_ctlreq.o
    0x080028f8   0x080028f8   0x00000018   Code   RO          394    i.USBD_Get_USB_Status  usbd_conf.o
    0x08002910   0x08002910   0x0000000c   Code   RO         3941    i.USBD_HID_DataIn   usbd_hid.o
    0x0800291c   0x0800291c   0x00000020   Code   RO         3942    i.USBD_HID_DeInit   usbd_hid.o
    0x0800293c   0x0800293c   0x0000000c   Code   RO         3943    i.USBD_HID_GetDeviceQualifierDesc  usbd_hid.o
    0x08002948   0x08002948   0x0000000c   Code   RO         3944    i.USBD_HID_GetFSCfgDesc  usbd_hid.o
    0x08002954   0x08002954   0x0000000c   Code   RO         3945    i.USBD_HID_GetHSCfgDesc  usbd_hid.o
    0x08002960   0x08002960   0x0000000c   Code   RO         3946    i.USBD_HID_GetOtherSpeedCfgDesc  usbd_hid.o
    0x0800296c   0x0800296c   0x0000002a   Code   RO         3948    i.USBD_HID_Init     usbd_hid.o
    0x08002996   0x08002996   0x00000002   PAD
    0x08002998   0x08002998   0x000000c8   Code   RO         3950    i.USBD_HID_Setup    usbd_hid.o
    0x08002a60   0x08002a60   0x0000002a   Code   RO         3680    i.USBD_Init         usbd_core.o
    0x08002a8a   0x08002a8a   0x00000012   Code   RO          395    i.USBD_LL_ClearStallEP  usbd_conf.o
    0x08002a9c   0x08002a9c   0x00000012   Code   RO          396    i.USBD_LL_CloseEP   usbd_conf.o
    0x08002aae   0x08002aae   0x000000c6   Code   RO         3681    i.USBD_LL_DataInStage  usbd_core.o
    0x08002b74   0x08002b74   0x00000082   Code   RO         3682    i.USBD_LL_DataOutStage  usbd_core.o
    0x08002bf6   0x08002bf6   0x00000002   PAD
    0x08002bf8   0x08002bf8   0x00000068   Code   RO          401    i.USBD_LL_Init      usbd_conf.o
    0x08002c60   0x08002c60   0x0000001e   Code   RO          402    i.USBD_LL_IsStallEP  usbd_conf.o
    0x08002c7e   0x08002c7e   0x00000018   Code   RO          403    i.USBD_LL_OpenEP    usbd_conf.o
    0x08002c96   0x08002c96   0x00000012   Code   RO          404    i.USBD_LL_PrepareReceive  usbd_conf.o
    0x08002ca8   0x08002ca8   0x00000050   Code   RO         3687    i.USBD_LL_Reset     usbd_core.o
    0x08002cf8   0x08002cf8   0x00000014   Code   RO         3688    i.USBD_LL_Resume    usbd_core.o
    0x08002d0c   0x08002d0c   0x00000018   Code   RO         3689    i.USBD_LL_SOF       usbd_core.o
    0x08002d24   0x08002d24   0x00000006   Code   RO         3690    i.USBD_LL_SetSpeed  usbd_core.o
    0x08002d2a   0x08002d2a   0x00000012   Code   RO          405    i.USBD_LL_SetUSBAddress  usbd_conf.o
    0x08002d3c   0x08002d3c   0x0000005a   Code   RO         3691    i.USBD_LL_SetupStage  usbd_core.o
    0x08002d96   0x08002d96   0x00000012   Code   RO          406    i.USBD_LL_StallEP   usbd_conf.o
    0x08002da8   0x08002da8   0x00000012   Code   RO          407    i.USBD_LL_Start     usbd_conf.o
    0x08002dba   0x08002dba   0x00000012   Code   RO         3692    i.USBD_LL_Suspend   usbd_core.o
    0x08002dcc   0x08002dcc   0x00000012   Code   RO          409    i.USBD_LL_Transmit  usbd_conf.o
    0x08002dde   0x08002dde   0x00000028   Code   RO         3819    i.USBD_ParseSetupRequest  usbd_ctlreq.o
    0x08002e06   0x08002e06   0x00000010   Code   RO         3693    i.USBD_RegisterClass  usbd_core.o
    0x08002e16   0x08002e16   0x00000016   Code   RO         3695    i.USBD_SetClassConfig  usbd_core.o
    0x08002e2c   0x08002e2c   0x00000084   Code   RO         3820    i.USBD_SetConfig    usbd_ctlreq.o
    0x08002eb0   0x08002eb0   0x0000000a   Code   RO         3696    i.USBD_Start        usbd_core.o
    0x08002eba   0x08002eba   0x00000112   Code   RO         3821    i.USBD_StdDevReq    usbd_ctlreq.o
    0x08002fcc   0x08002fcc   0x00000150   Code   RO         3822    i.USBD_StdEPReq     usbd_ctlreq.o
    0x0800311c   0x0800311c   0x0000004e   Code   RO         3823    i.USBD_StdItfReq    usbd_ctlreq.o
    0x0800316a   0x0800316a   0x00000002   Code   RO          410    i.USBD_static_free  usbd_conf.o
    0x0800316c   0x0800316c   0x00000008   Code   RO          411    i.USBD_static_malloc  usbd_conf.o
    0x08003174   0x08003174   0x0000029c   Code   RO         1141    i.USB_ActivateEndpoint  stm32f1xx_ll_usb.o
    0x08003410   0x08003410   0x00000004   Code   RO         1144    i.USB_CoreInit      stm32f1xx_ll_usb.o
    0x08003414   0x08003414   0x0000010e   Code   RO         1146    i.USB_DeactivateEndpoint  stm32f1xx_ll_usb.o
    0x08003522   0x08003522   0x00000004   Code   RO         1147    i.USB_DevConnect    stm32f1xx_ll_usb.o
    0x08003526   0x08003526   0x00000004   Code   RO         1148    i.USB_DevDisconnect  stm32f1xx_ll_usb.o
    0x0800352a   0x0800352a   0x00000012   Code   RO         1149    i.USB_DevInit       stm32f1xx_ll_usb.o
    0x0800353c   0x0800353c   0x0000000e   Code   RO         1150    i.USB_DisableGlobalInt  stm32f1xx_ll_usb.o
    0x0800354a   0x0800354a   0x00000004   Code   RO         1151    i.USB_EP0_OutStart  stm32f1xx_ll_usb.o
    0x0800354e   0x0800354e   0x00000078   Code   RO         1152    i.USB_EPClearStall  stm32f1xx_ll_usb.o
    0x080035c6   0x080035c6   0x00000032   Code   RO         1153    i.USB_EPSetStall    stm32f1xx_ll_usb.o
    0x080035f8   0x080035f8   0x000004e2   Code   RO         1154    i.USB_EPStartXfer   stm32f1xx_ll_usb.o
    0x08003ada   0x08003ada   0x00000012   Code   RO         1156    i.USB_EnableGlobalInt  stm32f1xx_ll_usb.o
    0x08003aec   0x08003aec   0x0000000c   Code   RO          693    i.USB_LP_CAN1_RX0_IRQHandler  stm32f1xx_it.o
    0x08003af8   0x08003af8   0x00000006   Code   RO         1163    i.USB_ReadInterrupts  stm32f1xx_ll_usb.o
    0x08003afe   0x08003afe   0x00000002   PAD
    0x08003b00   0x08003b00   0x0000002c   Code   RO         1164    i.USB_ReadPMA       stm32f1xx_ll_usb.o
    0x08003b2c   0x08003b2c   0x00000004   Code   RO         1165    i.USB_SetCurrentMode  stm32f1xx_ll_usb.o
    0x08003b30   0x08003b30   0x0000000c   Code   RO         1166    i.USB_SetDevAddress  stm32f1xx_ll_usb.o
    0x08003b3c   0x08003b3c   0x00000026   Code   RO         1168    i.USB_WritePMA      stm32f1xx_ll_usb.o
    0x08003b62   0x08003b62   0x00000002   Code   RO          694    i.UsageFault_Handler  stm32f1xx_it.o
    0x08003b64   0x08003b64   0x00000020   Code   RO         4067    i.__0printf$1       mc_w.l(printf1.o)
    0x08003b84   0x08003b84   0x00000020   Code   RO         1817    i.__NVIC_SetPriority  stm32f1xx_hal_cortex.o
    0x08003ba4   0x08003ba4   0x0000000e   Code   RO         4325    i.__scatterload_copy  mc_w.l(handlers.o)
    0x08003bb2   0x08003bb2   0x00000002   Code   RO         4326    i.__scatterload_null  mc_w.l(handlers.o)
    0x08003bb4   0x08003bb4   0x0000000e   Code   RO         4327    i.__scatterload_zeroinit  mc_w.l(handlers.o)
    0x08003bc2   0x08003bc2   0x00000002   PAD
    0x08003bc4   0x08003bc4   0x00000154   Code   RO         4074    i._printf_core      mc_w.l(printf1.o)
    0x08003d18   0x08003d18   0x00000018   Code   RO          301    i.fputc             usart.o
    0x08003d30   0x08003d30   0x000000c8   Code   RO           21    i.main              main.o
    0x08003df8   0x08003df8   0x00000012   Data   RO         1515    .constdata          stm32f1xx_hal_rcc.o
    0x08003e0a   0x08003e0a   0x00000010   Data   RO         3642    .constdata          system_stm32f1xx.o
    0x08003e1a   0x08003e1a   0x00000008   Data   RO         3643    .constdata          system_stm32f1xx.o
    0x08003e22   0x08003e22   0x00000002   PAD
    0x08003e24   0x08003e24   0x00000020   Data   RO         4323    Region$$Table       anon$$obj.o


    Execution Region RW_IRAM1 (Exec base: 0x20000000, Load base: 0x08003e44, Size: 0x00000e00, Max: 0x00005000, ABSOLUTE, COMPRESSED[0x000000d8])

    Exec Addr    Load Addr    Size         Type   Attr      Idx    E Section Name        Object

    0x20000000   COMPRESSED   0x00000009   Data   RW           24    .data               main.o
    0x20000009   COMPRESSED   0x00000003   PAD
    0x2000000c   COMPRESSED   0x0000001c   Data   RW          601    .data               usbd_desc.o
    0x20000028   COMPRESSED   0x00000032   Data   RW          602    .data               usbd_desc.o
    0x2000005a   COMPRESSED   0x00000002   PAD
    0x2000005c   COMPRESSED   0x0000000c   Data   RW         1352    .data               stm32f1xx_hal.o
    0x20000068   COMPRESSED   0x00000004   Data   RW         3644    .data               system_stm32f1xx.o
    0x2000006c   COMPRESSED   0x00000001   Data   RW         3824    .data               usbd_ctlreq.o
    0x2000006d   COMPRESSED   0x00000003   PAD
    0x20000070   COMPRESSED   0x00000038   Data   RW         3951    .data               usbd_hid.o
    0x200000a8   COMPRESSED   0x000000ce   Data   RW         3952    .data               usbd_hid.o
    0x20000176   COMPRESSED   0x00000002   PAD
    0x20000178   COMPRESSED   0x00000004   Data   RW         4299    .data               mc_w.l(stdout.o)
    0x2000017c        -       0x00000040   Zero   RW           22    .bss                main.o
    0x200001bc        -       0x00000048   Zero   RW          259    .bss                tim.o
    0x20000204        -       0x00000048   Zero   RW          302    .bss                usart.o
    0x2000024c        -       0x000002c4   Zero   RW          347    .bss                usb_device.o
    0x20000510        -       0x000002ec   Zero   RW          412    .bss                usbd_conf.o
    0x200007fc        -       0x00000200   Zero   RW          600    .bss                usbd_desc.o
    0x200009fc   COMPRESSED   0x00000004   PAD
    0x20000a00        -       0x00000400   Zero   RW            1    STACK               startup_stm32f103xb.o


==============================================================================

Image component sizes


      Code (inc. data)   RO Data    RW Data    ZI Data      Debug   Object Name

       208         12          0          0          0        979   gpio.o
      1384        222          0          9         64     452446   main.o
        36          8        236          0       1024        816   startup_stm32f103xb.o
       128         24          0         12          0       5373   stm32f1xx_hal.o
       198         14          0          0          0      29031   stm32f1xx_hal_cortex.o
       514         40          0          0          0       3534   stm32f1xx_hal_gpio.o
        60          8          0          0          0        870   stm32f1xx_hal_msp.o
      3026          0          0          0          0      13813   stm32f1xx_hal_pcd.o
        60          0          0          0          0       1198   stm32f1xx_hal_pcd_ex.o
      1252         90         18          0          0       5644   stm32f1xx_hal_rcc.o
       236         12          0          0          0       1404   stm32f1xx_hal_rcc_ex.o
       936         24          0          0          0      10029   stm32f1xx_hal_tim.o
       108         12          0          0          0       2449   stm32f1xx_hal_tim_ex.o
       636          6          0          0          0       4704   stm32f1xx_hal_uart.o
       146         12          0          0          0       7525   stm32f1xx_it.o
      2528          0          0          0          0      16323   stm32f1xx_ll_usb.o
         2          0         24          4          0       1131   system_stm32f1xx.o
       156         10          0          0         72       1670   tim.o
       192         26          0          0         72       2286   usart.o
        64         12          0          0        708        772   usb_device.o
       522         30          0          0        748      13209   usbd_conf.o
       670          0          0          0          0       9631   usbd_core.o
      1186         28          0          1          0       8024   usbd_ctlreq.o
       288        104          0         78        512       5785   usbd_desc.o
       334         20          0        262          0       7155   usbd_hid.o
       102          0          0          0          0       3724   usbd_ioreq.o

    ----------------------------------------------------------------------
     14998        714        312        376       3204     609525   Object Totals
         0          0         32          0          0          0   (incl. Generated)
        26          0          2         10          4          0   (incl. Padding)

    ----------------------------------------------------------------------

      Code (inc. data)   RO Data    RW Data    ZI Data      Debug   Library Member Name

        86          0          0          0          0          0   __dczerorl2.o
         0          0          0          0          0          0   entry.o
         0          0          0          0          0          0   entry10a.o
         0          0          0          0          0          0   entry11a.o
         4          0          0          0          0          0   entry12b.o
         8          4          0          0          0          0   entry2.o
         4          0          0          0          0          0   entry5.o
         0          0          0          0          0          0   entry7b.o
         0          0          0          0          0          0   entry8b.o
         8          4          0          0          0          0   entry9a.o
        30          0          0          0          0          0   handlers.o
        36          8          0          0          0         68   init.o
        36          0          0          0          0        108   memseta.o
       372         14          0          0          0        184   printf1.o
         0          0          0          4          0          0   stdout.o
        44          0          0          0          0         80   uidiv.o

    ----------------------------------------------------------------------
       630         30          0          4          0        440   Library Totals
         2          0          0          0          0          0   (incl. Padding)

    ----------------------------------------------------------------------

      Code (inc. data)   RO Data    RW Data    ZI Data      Debug   Library Name

       628         30          0          4          0        440   mc_w.l

    ----------------------------------------------------------------------
       630         30          0          4          0        440   Library Totals

    ----------------------------------------------------------------------

==============================================================================


      Code (inc. data)   RO Data    RW Data    ZI Data      Debug   

     15628        744        312        380       3204     601513   Grand Totals
     15628        744        312        216       3204     601513   ELF Image Totals (compressed)
     15628        744        312        216          0          0   ROM Totals

==============================================================================

    Total RO  Size (Code + RO Data)                15940 (  15.57kB)
    Total RW  Size (RW Data + ZI Data)              3584 (   3.50kB)
    Total ROM Size (Code + RO Data + RW Data)      16156 (  15.78kB)

==============================================================================

